INFO [2025-05-09 04:15:06] Starting NBA data fetch script
INFO [2025-05-09 04:15:07] Game log fetched with 2460 entries
INFO [2025-05-09 04:15:07] Found 1230 unique game IDs
INFO [2025-05-09 04:15:08] Successfully fetched game 0022400062 (1/1230)
INFO [2025-05-09 04:15:08] Successfully fetched game 0022400061 (2/1230)
INFO [2025-05-09 04:15:09] Successfully fetched game 0022400072 (3/1230)
INFO [2025-05-09 04:15:09] Successfully fetched game 0022400066 (4/1230)
INFO [2025-05-09 04:15:10] Successfully fetched game 0022400064 (5/1230)
INFO [2025-05-09 04:15:11] Successfully fetched game 0022400071 (6/1230)
INFO [2025-05-09 04:15:12] Successfully fetched game 0022400070 (7/1230)
INFO [2025-05-09 04:15:12] Successfully fetched game 0022400068 (8/1230)
INFO [2025-05-09 04:15:13] Successfully fetched game 0022400065 (9/1230)
INFO [2025-05-09 04:15:13] Successfully fetched game 0022400067 (10/1230)
INFO [2025-05-09 04:15:14] Successfully fetched game 0022400069 (11/1230)
INFO [2025-05-09 04:15:15] Successfully fetched game 0022400063 (12/1230)
INFO [2025-05-09 04:15:15] Successfully fetched game 0022400073 (13/1230)
INFO [2025-05-09 04:15:16] Successfully fetched game 0022400075 (14/1230)
INFO [2025-05-09 04:15:16] Successfully fetched game 0022400074 (15/1230)
INFO [2025-05-09 04:15:17] Successfully fetched game 0022400076 (16/1230)
INFO [2025-05-09 04:15:17] Successfully fetched game 0022400079 (17/1230)
INFO [2025-05-09 04:15:18] Successfully fetched game 0022400080 (18/1230)
INFO [2025-05-09 04:15:18] Successfully fetched game 0022400081 (19/1230)
INFO [2025-05-09 04:15:19] Successfully fetched game 0022400077 (20/1230)
INFO [2025-05-09 04:15:19] Successfully fetched game 0022400084 (21/1230)
INFO [2025-05-09 04:15:20] Successfully fetched game 0022400078 (22/1230)
INFO [2025-05-09 04:15:21] Successfully fetched game 0022400082 (23/1230)
INFO [2025-05-09 04:15:21] Successfully fetched game 0022400083 (24/1230)
INFO [2025-05-09 04:15:22] Successfully fetched game 0022400085 (25/1230)
INFO [2025-05-09 04:15:22] Successfully fetched game 0022400086 (26/1230)
INFO [2025-05-09 04:15:23] Successfully fetched game 0022400093 (27/1230)
INFO [2025-05-09 04:15:24] Successfully fetched game 0022400092 (28/1230)
INFO [2025-05-09 04:15:24] Successfully fetched game 0022400096 (29/1230)
INFO [2025-05-09 04:15:25] Successfully fetched game 0022400089 (30/1230)
INFO [2025-05-09 04:15:28] Successfully fetched game 0022400091 (31/1230)
INFO [2025-05-09 04:15:29] Successfully fetched game 0022400095 (32/1230)
INFO [2025-05-09 04:15:29] Successfully fetched game 0022400088 (33/1230)
INFO [2025-05-09 04:15:30] Successfully fetched game 0022400087 (34/1230)
INFO [2025-05-09 04:15:30] Successfully fetched game 0022400090 (35/1230)
INFO [2025-05-09 04:15:31] Successfully fetched game 0022400094 (36/1230)
INFO [2025-05-09 04:15:32] Successfully fetched game 0022400100 (37/1230)
INFO [2025-05-09 04:15:32] Successfully fetched game 0022400101 (38/1230)
INFO [2025-05-09 04:15:33] Successfully fetched game 0022400099 (39/1230)
INFO [2025-05-09 04:15:33] Successfully fetched game 0022400097 (40/1230)
INFO [2025-05-09 04:15:34] Successfully fetched game 0022400098 (41/1230)
INFO [2025-05-09 04:15:34] Successfully fetched game 0022400103 (42/1230)
INFO [2025-05-09 04:15:35] Successfully fetched game 0022400109 (43/1230)
INFO [2025-05-09 04:15:36] Successfully fetched game 0022400112 (44/1230)
INFO [2025-05-09 04:15:36] Successfully fetched game 0022400105 (45/1230)
INFO [2025-05-09 04:15:37] Successfully fetched game 0022400110 (46/1230)
INFO [2025-05-09 04:15:37] Successfully fetched game 0022400104 (47/1230)
INFO [2025-05-09 04:15:38] Successfully fetched game 0022400108 (48/1230)
INFO [2025-05-09 04:15:38] Successfully fetched game 0022400102 (49/1230)
INFO [2025-05-09 04:15:39] Successfully fetched game 0022400107 (50/1230)
INFO [2025-05-09 04:15:40] Successfully fetched game 0022400111 (51/1230)
INFO [2025-05-09 04:15:40] Successfully fetched game 0022400106 (52/1230)
INFO [2025-05-09 04:15:41] Successfully fetched game 0022400116 (53/1230)
INFO [2025-05-09 04:15:41] Successfully fetched game 0022400115 (54/1230)
INFO [2025-05-09 04:15:42] Successfully fetched game 0022400114 (55/1230)
INFO [2025-05-09 04:15:43] Successfully fetched game 0022400113 (56/1230)
INFO [2025-05-09 04:15:43] Successfully fetched game 0022400121 (57/1230)
INFO [2025-05-09 04:15:44] Successfully fetched game 0022400119 (58/1230)
INFO [2025-05-09 04:15:45] Successfully fetched game 0022400122 (59/1230)
INFO [2025-05-09 04:15:45] Successfully fetched game 0022400126 (60/1230)
INFO [2025-05-09 04:15:46] Successfully fetched game 0022400125 (61/1230)
INFO [2025-05-09 04:15:46] Successfully fetched game 0022400123 (62/1230)
INFO [2025-05-09 04:15:47] Successfully fetched game 0022400124 (63/1230)
INFO [2025-05-09 04:15:48] Successfully fetched game 0022400127 (64/1230)
INFO [2025-05-09 04:15:48] Successfully fetched game 0022400118 (65/1230)
INFO [2025-05-09 04:15:49] Successfully fetched game 0022400117 (66/1230)
INFO [2025-05-09 04:15:49] Successfully fetched game 0022400120 (67/1230)
INFO [2025-05-09 04:15:50] Successfully fetched game 0022400129 (68/1230)
INFO [2025-05-09 04:15:51] Successfully fetched game 0022400131 (69/1230)
INFO [2025-05-09 04:15:51] Successfully fetched game 0022400130 (70/1230)
INFO [2025-05-09 04:15:52] Successfully fetched game 0022400128 (71/1230)
INFO [2025-05-09 04:15:52] Successfully fetched game 0022400135 (72/1230)
INFO [2025-05-09 04:15:53] Successfully fetched game 0022400137 (73/1230)
INFO [2025-05-09 04:15:54] Successfully fetched game 0022400134 (74/1230)
INFO [2025-05-09 04:15:54] Successfully fetched game 0022400132 (75/1230)
INFO [2025-05-09 04:15:55] Successfully fetched game 0022400136 (76/1230)
INFO [2025-05-09 04:15:55] Successfully fetched game 0022400133 (77/1230)
INFO [2025-05-09 04:15:56] Successfully fetched game 0022400138 (78/1230)
INFO [2025-05-09 04:15:57] Successfully fetched game 0022400139 (79/1230)
INFO [2025-05-09 04:15:57] Successfully fetched game 0022400140 (80/1230)
INFO [2025-05-09 04:15:58] Successfully fetched game 0022400148 (81/1230)
INFO [2025-05-09 04:15:59] Successfully fetched game 0022400147 (82/1230)
INFO [2025-05-09 04:15:59] Successfully fetched game 0022400150 (83/1230)
INFO [2025-05-09 04:16:00] Successfully fetched game 0022400144 (84/1230)
INFO [2025-05-09 04:16:03] Successfully fetched game 0022400145 (85/1230)
INFO [2025-05-09 04:16:04] Successfully fetched game 0022400146 (86/1230)
INFO [2025-05-09 04:16:04] Successfully fetched game 0022400143 (87/1230)
INFO [2025-05-09 04:16:05] Successfully fetched game 0022400142 (88/1230)
INFO [2025-05-09 04:16:06] Successfully fetched game 0022400141 (89/1230)
INFO [2025-05-09 04:16:06] Successfully fetched game 0022400149 (90/1230)
INFO [2025-05-09 04:16:07] Successfully fetched game 0022400152 (91/1230)
INFO [2025-05-09 04:16:08] Successfully fetched game 0022400153 (92/1230)
INFO [2025-05-09 04:16:08] Successfully fetched game 0022400151 (93/1230)
INFO [2025-05-09 04:16:09] Successfully fetched game 0022400159 (94/1230)
INFO [2025-05-09 04:16:09] Successfully fetched game 0022400168 (95/1230)
INFO [2025-05-09 04:16:10] Successfully fetched game 0022400160 (96/1230)
INFO [2025-05-09 04:16:10] Successfully fetched game 0022400162 (97/1230)
INFO [2025-05-09 04:16:11] Successfully fetched game 0022400157 (98/1230)
INFO [2025-05-09 04:16:12] Successfully fetched game 0022400161 (99/1230)
INFO [2025-05-09 04:16:13] Successfully fetched game 0022400155 (100/1230)
INFO [2025-05-09 04:16:13] Successfully fetched game 0022400163 (101/1230)
INFO [2025-05-09 04:16:14] Successfully fetched game 0022400165 (102/1230)
INFO [2025-05-09 04:16:14] Successfully fetched game 0022400166 (103/1230)
INFO [2025-05-09 04:16:15] Successfully fetched game 0022400154 (104/1230)
INFO [2025-05-09 04:16:15] Successfully fetched game 0022400167 (105/1230)
INFO [2025-05-09 04:16:16] Successfully fetched game 0022400164 (106/1230)
INFO [2025-05-09 04:16:17] Successfully fetched game 0022400158 (107/1230)
INFO [2025-05-09 04:16:17] Successfully fetched game 0022400156 (108/1230)
INFO [2025-05-09 04:16:18] Successfully fetched game 0022400169 (109/1230)
INFO [2025-05-09 04:16:18] Successfully fetched game 0022400180 (110/1230)
INFO [2025-05-09 04:16:19] Successfully fetched game 0022400172 (111/1230)
INFO [2025-05-09 04:16:19] Successfully fetched game 0022400173 (112/1230)
INFO [2025-05-09 04:16:20] Successfully fetched game 0022400175 (113/1230)
INFO [2025-05-09 04:16:20] Successfully fetched game 0022400171 (114/1230)
INFO [2025-05-09 04:16:21] Successfully fetched game 0022400174 (115/1230)
INFO [2025-05-09 04:16:21] Successfully fetched game 0022400178 (116/1230)
INFO [2025-05-09 04:16:21] Successfully fetched game 0022400176 (117/1230)
INFO [2025-05-09 04:16:22] Successfully fetched game 0022400179 (118/1230)
INFO [2025-05-09 04:16:22] Successfully fetched game 0022400170 (119/1230)
INFO [2025-05-09 04:16:23] Successfully fetched game 0022400177 (120/1230)
INFO [2025-05-09 04:16:23] Successfully fetched game 0022400182 (121/1230)
INFO [2025-05-09 04:16:24] Successfully fetched game 0022400183 (122/1230)
INFO [2025-05-09 04:16:24] Successfully fetched game 0022400181 (123/1230)
INFO [2025-05-09 04:16:25] Successfully fetched game 0022400194 (124/1230)
INFO [2025-05-09 04:16:25] Successfully fetched game 0022400186 (125/1230)
INFO [2025-05-09 04:16:25] Successfully fetched game 0022400191 (126/1230)
INFO [2025-05-09 04:16:26] Successfully fetched game 0022400192 (127/1230)
INFO [2025-05-09 04:16:26] Successfully fetched game 0022400190 (128/1230)
INFO [2025-05-09 04:16:27] Successfully fetched game 0022400188 (129/1230)
INFO [2025-05-09 04:16:27] Successfully fetched game 0022400195 (130/1230)
INFO [2025-05-09 04:16:28] Successfully fetched game 0022400185 (131/1230)
INFO [2025-05-09 04:16:28] Successfully fetched game 0022400187 (132/1230)
INFO [2025-05-09 04:16:29] Successfully fetched game 0022400189 (133/1230)
INFO [2025-05-09 04:16:29] Successfully fetched game 0022400184 (134/1230)
INFO [2025-05-09 04:16:30] Successfully fetched game 0022400193 (135/1230)
INFO [2025-05-09 04:16:30] Successfully fetched game 0022400196 (136/1230)
INFO [2025-05-09 04:16:31] Successfully fetched game 0022400199 (137/1230)
INFO [2025-05-09 04:16:31] Successfully fetched game 0022400200 (138/1230)
INFO [2025-05-09 04:16:31] Successfully fetched game 0022400198 (139/1230)
INFO [2025-05-09 04:16:32] Successfully fetched game 0022400197 (140/1230)
INFO [2025-05-09 04:16:32] Successfully fetched game 0022400209 (141/1230)
INFO [2025-05-09 04:16:33] Successfully fetched game 0022400206 (142/1230)
INFO [2025-05-09 04:16:33] Successfully fetched game 0022400208 (143/1230)
INFO [2025-05-09 04:16:34] Successfully fetched game 0022400210 (144/1230)
INFO [2025-05-09 04:16:34] Successfully fetched game 0022400211 (145/1230)
INFO [2025-05-09 04:16:35] Successfully fetched game 0022400202 (146/1230)
INFO [2025-05-09 04:16:38] Successfully fetched game 0022400205 (147/1230)
INFO [2025-05-09 04:16:38] Successfully fetched game 0022400204 (148/1230)
INFO [2025-05-09 04:16:39] Successfully fetched game 0022400201 (149/1230)
INFO [2025-05-09 04:16:39] Successfully fetched game 0022400207 (150/1230)
INFO [2025-05-09 04:16:40] Successfully fetched game 0022400203 (151/1230)
INFO [2025-05-09 04:16:40] Successfully fetched game 0022400216 (152/1230)
INFO [2025-05-09 04:16:41] Successfully fetched game 0022400213 (153/1230)
INFO [2025-05-09 04:16:41] Successfully fetched game 0022400215 (154/1230)
INFO [2025-05-09 04:16:42] Successfully fetched game 0022400214 (155/1230)
INFO [2025-05-09 04:16:42] Successfully fetched game 0022400212 (156/1230)
INFO [2025-05-09 04:16:43] Successfully fetched game 0022400002 (157/1230)
INFO [2025-05-09 04:16:43] Successfully fetched game 0022400007 (158/1230)
INFO [2025-05-09 04:16:44] Successfully fetched game 0022400001 (159/1230)
INFO [2025-05-09 04:16:44] Successfully fetched game 0022400004 (160/1230)
INFO [2025-05-09 04:16:44] Successfully fetched game 0022400003 (161/1230)
INFO [2025-05-09 04:16:45] Successfully fetched game 0022400006 (162/1230)
INFO [2025-05-09 04:16:45] Successfully fetched game 0022400005 (163/1230)
INFO [2025-05-09 04:16:46] Successfully fetched game 0022400008 (164/1230)
INFO [2025-05-09 04:16:46] Successfully fetched game 0022400225 (165/1230)
INFO [2025-05-09 04:16:47] Successfully fetched game 0022400227 (166/1230)
INFO [2025-05-09 04:16:47] Successfully fetched game 0022400220 (167/1230)
INFO [2025-05-09 04:16:48] Successfully fetched game 0022400219 (168/1230)
INFO [2025-05-09 04:16:48] Successfully fetched game 0022400218 (169/1230)
INFO [2025-05-09 04:16:49] Successfully fetched game 0022400223 (170/1230)
INFO [2025-05-09 04:16:49] Successfully fetched game 0022400224 (171/1230)
INFO [2025-05-09 04:16:50] Successfully fetched game 0022400221 (172/1230)
INFO [2025-05-09 04:16:50] Successfully fetched game 0022400226 (173/1230)
INFO [2025-05-09 04:16:50] Successfully fetched game 0022400222 (174/1230)
INFO [2025-05-09 04:16:51] Successfully fetched game 0022400217 (175/1230)
INFO [2025-05-09 04:16:51] Successfully fetched game 0022400228 (176/1230)
INFO [2025-05-09 04:16:52] Successfully fetched game 0022400020 (177/1230)
INFO [2025-05-09 04:16:53] Successfully fetched game 0022400010 (178/1230)
INFO [2025-05-09 04:16:53] Successfully fetched game 0022400017 (179/1230)
INFO [2025-05-09 04:16:54] Successfully fetched game 0022400014 (180/1230)
INFO [2025-05-09 04:16:55] Successfully fetched game 0022400009 (181/1230)
INFO [2025-05-09 04:16:55] Successfully fetched game 0022400012 (182/1230)
INFO [2025-05-09 04:16:56] Successfully fetched game 0022400013 (183/1230)
INFO [2025-05-09 04:16:57] Successfully fetched game 0022400018 (184/1230)
INFO [2025-05-09 04:16:57] Successfully fetched game 0022400015 (185/1230)
INFO [2025-05-09 04:16:58] Successfully fetched game 0022400019 (186/1230)
INFO [2025-05-09 04:16:58] Successfully fetched game 0022400016 (187/1230)
INFO [2025-05-09 04:16:59] Successfully fetched game 0022400011 (188/1230)
INFO [2025-05-09 04:17:00] Successfully fetched game 0022400231 (189/1230)
INFO [2025-05-09 04:17:00] Successfully fetched game 0022400232 (190/1230)
INFO [2025-05-09 04:17:01] Successfully fetched game 0022400229 (191/1230)
INFO [2025-05-09 04:17:02] Successfully fetched game 0022400233 (192/1230)
INFO [2025-05-09 04:17:02] Successfully fetched game 0022400230 (193/1230)
INFO [2025-05-09 04:17:03] Successfully fetched game 0022400236 (194/1230)
INFO [2025-05-09 04:17:04] Successfully fetched game 0022400235 (195/1230)
INFO [2025-05-09 04:17:04] Successfully fetched game 0022400239 (196/1230)
INFO [2025-05-09 04:17:05] Successfully fetched game 0022400241 (197/1230)
INFO [2025-05-09 04:17:06] Successfully fetched game 0022400238 (198/1230)
INFO [2025-05-09 04:17:06] Successfully fetched game 0022400240 (199/1230)
INFO [2025-05-09 04:17:07] Successfully fetched game 0022400234 (200/1230)
INFO [2025-05-09 04:17:08] Successfully fetched game 0022400243 (201/1230)
INFO [2025-05-09 04:17:08] Successfully fetched game 0022400242 (202/1230)
INFO [2025-05-09 04:17:09] Successfully fetched game 0022400237 (203/1230)
INFO [2025-05-09 04:17:10] Successfully fetched game 0022400244 (204/1230)
INFO [2025-05-09 04:17:10] Successfully fetched game 0022400247 (205/1230)
INFO [2025-05-09 04:17:14] Successfully fetched game 0022400249 (206/1230)
INFO [2025-05-09 04:17:14] Successfully fetched game 0022400245 (207/1230)
INFO [2025-05-09 04:17:15] Successfully fetched game 0022400246 (208/1230)
INFO [2025-05-09 04:17:16] Successfully fetched game 0022400251 (209/1230)
INFO [2025-05-09 04:17:16] Successfully fetched game 0022400250 (210/1230)
INFO [2025-05-09 04:17:17] Successfully fetched game 0022400248 (211/1230)
INFO [2025-05-09 04:17:17] Successfully fetched game 0022400024 (212/1230)
INFO [2025-05-09 04:17:18] Successfully fetched game 0022400023 (213/1230)
INFO [2025-05-09 04:17:19] Successfully fetched game 0022400025 (214/1230)
INFO [2025-05-09 04:17:19] Successfully fetched game 0022400026 (215/1230)
INFO [2025-05-09 04:17:20] Successfully fetched game 0022400022 (216/1230)
INFO [2025-05-09 04:17:21] Successfully fetched game 0022400021 (217/1230)
INFO [2025-05-09 04:17:21] Successfully fetched game 0022400252 (218/1230)
INFO [2025-05-09 04:17:22] Successfully fetched game 0022400257 (219/1230)
INFO [2025-05-09 04:17:22] Successfully fetched game 0022400255 (220/1230)
INFO [2025-05-09 04:17:23] Successfully fetched game 0022400253 (221/1230)
INFO [2025-05-09 04:17:24] Successfully fetched game 0022400258 (222/1230)
INFO [2025-05-09 04:17:24] Successfully fetched game 0022400259 (223/1230)
INFO [2025-05-09 04:17:25] Successfully fetched game 0022400256 (224/1230)
INFO [2025-05-09 04:17:25] Successfully fetched game 0022400254 (225/1230)
INFO [2025-05-09 04:17:26] Successfully fetched game 0022400262 (226/1230)
INFO [2025-05-09 04:17:27] Successfully fetched game 0022400261 (227/1230)
INFO [2025-05-09 04:17:27] Successfully fetched game 0022400263 (228/1230)
INFO [2025-05-09 04:17:28] Successfully fetched game 0022400260 (229/1230)
INFO [2025-05-09 04:17:28] Successfully fetched game 0022400031 (230/1230)
INFO [2025-05-09 04:17:29] Successfully fetched game 0022400029 (231/1230)
INFO [2025-05-09 04:17:30] Successfully fetched game 0022400030 (232/1230)
INFO [2025-05-09 04:17:30] Successfully fetched game 0022400032 (233/1230)
INFO [2025-05-09 04:17:31] Successfully fetched game 0022400028 (234/1230)
INFO [2025-05-09 04:17:32] Successfully fetched game 0022400033 (235/1230)
INFO [2025-05-09 04:17:32] Successfully fetched game 0022400034 (236/1230)
INFO [2025-05-09 04:17:33] Successfully fetched game 0022400027 (237/1230)
INFO [2025-05-09 04:17:33] Successfully fetched game 0022400265 (238/1230)
INFO [2025-05-09 04:17:34] Successfully fetched game 0022400270 (239/1230)
INFO [2025-05-09 04:17:35] Successfully fetched game 0022400269 (240/1230)
INFO [2025-05-09 04:17:35] Successfully fetched game 0022400267 (241/1230)
INFO [2025-05-09 04:17:36] Successfully fetched game 0022400266 (242/1230)
INFO [2025-05-09 04:17:36] Successfully fetched game 0022400268 (243/1230)
INFO [2025-05-09 04:17:37] Successfully fetched game 0022400264 (244/1230)
INFO [2025-05-09 04:17:37] Successfully fetched game 0022400272 (245/1230)
INFO [2025-05-09 04:17:38] Successfully fetched game 0022400275 (246/1230)
INFO [2025-05-09 04:17:39] Successfully fetched game 0022400273 (247/1230)
INFO [2025-05-09 04:17:39] Successfully fetched game 0022400271 (248/1230)
INFO [2025-05-09 04:17:40] Successfully fetched game 0022400274 (249/1230)
INFO [2025-05-09 04:17:41] Successfully fetched game 0022400276 (250/1230)
INFO [2025-05-09 04:17:41] Successfully fetched game 0022400283 (251/1230)
INFO [2025-05-09 04:17:42] Successfully fetched game 0022400280 (252/1230)
INFO [2025-05-09 04:17:42] Successfully fetched game 0022400282 (253/1230)
INFO [2025-05-09 04:17:43] Successfully fetched game 0022400285 (254/1230)
INFO [2025-05-09 04:17:44] Successfully fetched game 0022400277 (255/1230)
INFO [2025-05-09 04:17:44] Successfully fetched game 0022400284 (256/1230)
INFO [2025-05-09 04:17:45] Successfully fetched game 0022400279 (257/1230)
INFO [2025-05-09 04:17:45] Successfully fetched game 0022400281 (258/1230)
INFO [2025-05-09 04:17:49] Successfully fetched game 0022400278 (259/1230)
INFO [2025-05-09 04:17:49] Successfully fetched game 0022400035 (260/1230)
INFO [2025-05-09 04:17:50] Successfully fetched game 0022400037 (261/1230)
INFO [2025-05-09 04:17:50] Successfully fetched game 0022400039 (262/1230)
INFO [2025-05-09 04:17:51] Successfully fetched game 0022400036 (263/1230)
INFO [2025-05-09 04:17:52] Successfully fetched game 0022400038 (264/1230)
INFO [2025-05-09 04:17:52] Successfully fetched game 0022400299 (265/1230)
INFO [2025-05-09 04:17:53] Successfully fetched game 0022400297 (266/1230)
INFO [2025-05-09 04:17:53] Successfully fetched game 0022400293 (267/1230)
INFO [2025-05-09 04:17:54] Successfully fetched game 0022400298 (268/1230)
INFO [2025-05-09 04:17:55] Successfully fetched game 0022400292 (269/1230)
INFO [2025-05-09 04:17:55] Successfully fetched game 0022400295 (270/1230)
INFO [2025-05-09 04:17:56] Successfully fetched game 0022400289 (271/1230)
INFO [2025-05-09 04:17:57] Successfully fetched game 0022400290 (272/1230)
INFO [2025-05-09 04:17:57] Successfully fetched game 0022400296 (273/1230)
INFO [2025-05-09 04:17:58] Successfully fetched game 0022400294 (274/1230)
INFO [2025-05-09 04:17:59] Successfully fetched game 0022400288 (275/1230)
INFO [2025-05-09 04:17:59] Successfully fetched game 0022400286 (276/1230)
INFO [2025-05-09 04:18:00] Successfully fetched game 0022400287 (277/1230)
INFO [2025-05-09 04:18:01] Successfully fetched game 0022400291 (278/1230)
INFO [2025-05-09 04:18:01] Successfully fetched game 0022400041 (279/1230)
INFO [2025-05-09 04:18:02] Successfully fetched game 0022400042 (280/1230)
INFO [2025-05-09 04:18:03] Successfully fetched game 0022400049 (281/1230)
INFO [2025-05-09 04:18:03] Successfully fetched game 0022400048 (282/1230)
INFO [2025-05-09 04:18:04] Successfully fetched game 0022400046 (283/1230)
INFO [2025-05-09 04:18:04] Successfully fetched game 0022400044 (284/1230)
INFO [2025-05-09 04:18:05] Successfully fetched game 0022400043 (285/1230)
INFO [2025-05-09 04:18:06] Successfully fetched game 0022400047 (286/1230)
INFO [2025-05-09 04:18:06] Successfully fetched game 0022400045 (287/1230)
INFO [2025-05-09 04:18:07] Successfully fetched game 0022400040 (288/1230)
INFO [2025-05-09 04:18:07] Successfully fetched game 0022400304 (289/1230)
INFO [2025-05-09 04:18:08] Successfully fetched game 0022400303 (290/1230)
INFO [2025-05-09 04:18:09] Successfully fetched game 0022400302 (291/1230)
INFO [2025-05-09 04:18:09] Successfully fetched game 0022400301 (292/1230)
INFO [2025-05-09 04:18:10] Successfully fetched game 0022400300 (293/1230)
INFO [2025-05-09 04:18:10] Successfully fetched game 0022400306 (294/1230)
INFO [2025-05-09 04:18:11] Successfully fetched game 0022400305 (295/1230)
INFO [2025-05-09 04:18:12] Successfully fetched game 0022400308 (296/1230)
INFO [2025-05-09 04:18:12] Successfully fetched game 0022400309 (297/1230)
INFO [2025-05-09 04:18:13] Successfully fetched game 0022400310 (298/1230)
INFO [2025-05-09 04:18:13] Successfully fetched game 0022400311 (299/1230)
INFO [2025-05-09 04:18:14] Successfully fetched game 0022400312 (300/1230)
INFO [2025-05-09 04:18:15] Successfully fetched game 0022400313 (301/1230)
INFO [2025-05-09 04:18:15] Successfully fetched game 0022400314 (302/1230)
INFO [2025-05-09 04:18:16] Successfully fetched game 0022400307 (303/1230)
INFO [2025-05-09 04:18:16] Successfully fetched game 0022400316 (304/1230)
INFO [2025-05-09 04:18:17] Successfully fetched game 0022400318 (305/1230)
INFO [2025-05-09 04:18:17] Successfully fetched game 0022400317 (306/1230)
INFO [2025-05-09 04:18:18] Successfully fetched game 0022400315 (307/1230)
INFO [2025-05-09 04:18:19] Successfully fetched game 0022400060 (308/1230)
INFO [2025-05-09 04:18:19] Successfully fetched game 0022400059 (309/1230)
INFO [2025-05-09 04:18:20] Successfully fetched game 0022400058 (310/1230)
INFO [2025-05-09 04:18:20] Successfully fetched game 0022400057 (311/1230)
INFO [2025-05-09 04:18:24] Successfully fetched game 0022400056 (312/1230)
INFO [2025-05-09 04:18:25] Successfully fetched game 0022400054 (313/1230)
INFO [2025-05-09 04:18:25] Successfully fetched game 0022400053 (314/1230)
INFO [2025-05-09 04:18:26] Successfully fetched game 0022400055 (315/1230)
INFO [2025-05-09 04:18:26] Successfully fetched game 0022400050 (316/1230)
INFO [2025-05-09 04:18:27] Successfully fetched game 0022400051 (317/1230)
INFO [2025-05-09 04:18:27] Successfully fetched game 0022400052 (318/1230)
INFO [2025-05-09 04:18:28] Successfully fetched game 0022400323 (319/1230)
INFO [2025-05-09 04:18:28] Successfully fetched game 0022400324 (320/1230)
INFO [2025-05-09 04:18:29] Successfully fetched game 0022400320 (321/1230)
INFO [2025-05-09 04:18:30] Successfully fetched game 0022400322 (322/1230)
INFO [2025-05-09 04:18:30] Successfully fetched game 0022400321 (323/1230)
INFO [2025-05-09 04:18:31] Successfully fetched game 0022400319 (324/1230)
INFO [2025-05-09 04:18:31] Successfully fetched game 0022400331 (325/1230)
INFO [2025-05-09 04:18:32] Successfully fetched game 0022400332 (326/1230)
INFO [2025-05-09 04:18:33] Successfully fetched game 0022400328 (327/1230)
INFO [2025-05-09 04:18:33] Successfully fetched game 0022400329 (328/1230)
INFO [2025-05-09 04:18:34] Successfully fetched game 0022400330 (329/1230)
INFO [2025-05-09 04:18:34] Successfully fetched game 0022400325 (330/1230)
INFO [2025-05-09 04:18:35] Successfully fetched game 0022400327 (331/1230)
INFO [2025-05-09 04:18:36] Successfully fetched game 0022400326 (332/1230)
INFO [2025-05-09 04:18:36] Successfully fetched game 0022400335 (333/1230)
INFO [2025-05-09 04:18:37] Successfully fetched game 0022400334 (334/1230)
INFO [2025-05-09 04:18:37] Successfully fetched game 0022400337 (335/1230)
INFO [2025-05-09 04:18:38] Successfully fetched game 0022400336 (336/1230)
INFO [2025-05-09 04:18:38] Successfully fetched game 0022400338 (337/1230)
INFO [2025-05-09 04:18:39] Successfully fetched game 0022400333 (338/1230)
INFO [2025-05-09 04:18:40] Successfully fetched game 0022400339 (339/1230)
INFO [2025-05-09 04:18:40] Successfully fetched game 0022400346 (340/1230)
INFO [2025-05-09 04:18:41] Successfully fetched game 0022400341 (341/1230)
INFO [2025-05-09 04:18:41] Successfully fetched game 0022400343 (342/1230)
INFO [2025-05-09 04:18:42] Successfully fetched game 0022400344 (343/1230)
INFO [2025-05-09 04:18:43] Successfully fetched game 0022400342 (344/1230)
INFO [2025-05-09 04:18:43] Successfully fetched game 0022400340 (345/1230)
INFO [2025-05-09 04:18:44] Successfully fetched game 0022400345 (346/1230)
INFO [2025-05-09 04:18:44] Successfully fetched game 0022400354 (347/1230)
INFO [2025-05-09 04:18:45] Successfully fetched game 0022400348 (348/1230)
INFO [2025-05-09 04:18:46] Successfully fetched game 0022400347 (349/1230)
INFO [2025-05-09 04:18:46] Successfully fetched game 0022400349 (350/1230)
INFO [2025-05-09 04:18:47] Successfully fetched game 0022400350 (351/1230)
INFO [2025-05-09 04:18:47] Successfully fetched game 0022400352 (352/1230)
INFO [2025-05-09 04:18:48] Successfully fetched game 0022400357 (353/1230)
INFO [2025-05-09 04:18:49] Successfully fetched game 0022400358 (354/1230)
INFO [2025-05-09 04:18:49] Successfully fetched game 0022400355 (355/1230)
INFO [2025-05-09 04:18:50] Successfully fetched game 0022400356 (356/1230)
INFO [2025-05-09 04:18:51] Successfully fetched game 0022400353 (357/1230)
INFO [2025-05-09 04:18:51] Successfully fetched game 0022400351 (358/1230)
INFO [2025-05-09 04:18:52] Successfully fetched game 0022400359 (359/1230)
INFO [2025-05-09 04:18:53] Successfully fetched game 0022401203 (360/1230)
INFO [2025-05-09 04:18:53] Successfully fetched game 0022401201 (361/1230)
INFO [2025-05-09 04:18:54] Successfully fetched game 0022401202 (362/1230)
INFO [2025-05-09 04:18:54] Successfully fetched game 0022401204 (363/1230)
INFO [2025-05-09 04:18:55] Successfully fetched game 0022401205 (364/1230)
INFO [2025-05-09 04:18:56] Successfully fetched game 0022401206 (365/1230)
INFO [2025-05-09 04:18:59] Successfully fetched game 0022401207 (366/1230)
INFO [2025-05-09 04:19:00] Successfully fetched game 0022401215 (367/1230)
INFO [2025-05-09 04:19:00] Successfully fetched game 0022401208 (368/1230)
INFO [2025-05-09 04:19:01] Successfully fetched game 0022401212 (369/1230)
INFO [2025-05-09 04:19:02] Successfully fetched game 0022401214 (370/1230)
INFO [2025-05-09 04:19:02] Successfully fetched game 0022401213 (371/1230)
INFO [2025-05-09 04:19:03] Successfully fetched game 0022401210 (372/1230)
INFO [2025-05-09 04:19:04] Successfully fetched game 0022401211 (373/1230)
INFO [2025-05-09 04:19:04] Successfully fetched game 0022401209 (374/1230)
INFO [2025-05-09 04:19:05] Successfully fetched game 0022401230 (375/1230)
INFO [2025-05-09 04:19:05] Successfully fetched game 0022401229 (376/1230)
INFO [2025-05-09 04:19:06] Successfully fetched game 0022401228 (377/1230)
INFO [2025-05-09 04:19:07] Successfully fetched game 0022401216 (378/1230)
INFO [2025-05-09 04:19:07] Successfully fetched game 0022401227 (379/1230)
INFO [2025-05-09 04:19:08] Successfully fetched game 0022401218 (380/1230)
INFO [2025-05-09 04:19:08] Successfully fetched game 0022401219 (381/1230)
INFO [2025-05-09 04:19:09] Successfully fetched game 0022401220 (382/1230)
INFO [2025-05-09 04:19:10] Successfully fetched game 0022401217 (383/1230)
INFO [2025-05-09 04:19:10] Successfully fetched game 0022401225 (384/1230)
INFO [2025-05-09 04:19:11] Successfully fetched game 0022401223 (385/1230)
INFO [2025-05-09 04:19:11] Successfully fetched game 0022401226 (386/1230)
INFO [2025-05-09 04:19:12] Successfully fetched game 0022401221 (387/1230)
INFO [2025-05-09 04:19:13] Successfully fetched game 0022401224 (388/1230)
INFO [2025-05-09 04:19:14] Successfully fetched game 0022401222 (389/1230)
INFO [2025-05-09 04:19:14] Successfully fetched game 0022400372 (390/1230)
INFO [2025-05-09 04:19:15] Successfully fetched game 0022400369 (391/1230)
INFO [2025-05-09 04:19:15] Successfully fetched game 0022400371 (392/1230)
INFO [2025-05-09 04:19:16] Successfully fetched game 0022400367 (393/1230)
INFO [2025-05-09 04:19:17] Successfully fetched game 0022400365 (394/1230)
INFO [2025-05-09 04:19:17] Successfully fetched game 0022400363 (395/1230)
INFO [2025-05-09 04:19:18] Successfully fetched game 0022400368 (396/1230)
INFO [2025-05-09 04:19:19] Successfully fetched game 0022400370 (397/1230)
INFO [2025-05-09 04:19:19] Successfully fetched game 0022400360 (398/1230)
INFO [2025-05-09 04:19:20] Successfully fetched game 0022400362 (399/1230)
INFO [2025-05-09 04:19:20] Successfully fetched game 0022400364 (400/1230)
INFO [2025-05-09 04:19:21] Successfully fetched game 0022400366 (401/1230)
INFO [2025-05-09 04:19:21] Successfully fetched game 0022400361 (402/1230)
INFO [2025-05-09 04:19:22] Successfully fetched game 0022400373 (403/1230)
INFO [2025-05-09 04:19:22] Successfully fetched game 0022400375 (404/1230)
INFO [2025-05-09 04:19:23] Successfully fetched game 0022400374 (405/1230)
INFO [2025-05-09 04:19:24] Successfully fetched game 0022400383 (406/1230)
INFO [2025-05-09 04:19:24] Successfully fetched game 0022400381 (407/1230)
INFO [2025-05-09 04:19:25] Successfully fetched game 0022400386 (408/1230)
INFO [2025-05-09 04:19:25] Successfully fetched game 0022400385 (409/1230)
INFO [2025-05-09 04:19:26] Successfully fetched game 0022400378 (410/1230)
INFO [2025-05-09 04:19:27] Successfully fetched game 0022400380 (411/1230)
INFO [2025-05-09 04:19:27] Successfully fetched game 0022400382 (412/1230)
INFO [2025-05-09 04:19:28] Successfully fetched game 0022400377 (413/1230)
INFO [2025-05-09 04:19:28] Successfully fetched game 0022400387 (414/1230)
INFO [2025-05-09 04:19:29] Successfully fetched game 0022400384 (415/1230)
INFO [2025-05-09 04:19:30] Successfully fetched game 0022400379 (416/1230)
INFO [2025-05-09 04:19:30] Successfully fetched game 0022400376 (417/1230)
INFO [2025-05-09 04:19:34] Successfully fetched game 0022400389 (418/1230)
INFO [2025-05-09 04:19:35] Successfully fetched game 0022400388 (419/1230)
INFO [2025-05-09 04:19:35] Successfully fetched game 0022400390 (420/1230)
INFO [2025-05-09 04:19:36] Successfully fetched game 0022400398 (421/1230)
INFO [2025-05-09 04:19:37] Successfully fetched game 0022400397 (422/1230)
INFO [2025-05-09 04:19:37] Successfully fetched game 0022400392 (423/1230)
INFO [2025-05-09 04:19:38] Successfully fetched game 0022400395 (424/1230)
INFO [2025-05-09 04:19:39] Successfully fetched game 0022400396 (425/1230)
INFO [2025-05-09 04:19:39] Successfully fetched game 0022400394 (426/1230)
INFO [2025-05-09 04:19:40] Successfully fetched game 0022400391 (427/1230)
INFO [2025-05-09 04:19:40] Successfully fetched game 0022400393 (428/1230)
INFO [2025-05-09 04:19:41] Successfully fetched game 0022400400 (429/1230)
INFO [2025-05-09 04:19:42] Successfully fetched game 0022400399 (430/1230)
INFO [2025-05-09 04:19:42] Successfully fetched game 0022400402 (431/1230)
INFO [2025-05-09 04:19:43] Successfully fetched game 0022400403 (432/1230)
INFO [2025-05-09 04:19:43] Successfully fetched game 0022400404 (433/1230)
INFO [2025-05-09 04:19:44] Successfully fetched game 0022400401 (434/1230)
INFO [2025-05-09 04:19:44] Successfully fetched game 0022400405 (435/1230)
INFO [2025-05-09 04:19:45] Successfully fetched game 0022400406 (436/1230)
INFO [2025-05-09 04:19:46] Successfully fetched game 0022400408 (437/1230)
INFO [2025-05-09 04:19:46] Successfully fetched game 0022400409 (438/1230)
INFO [2025-05-09 04:19:47] Successfully fetched game 0022400407 (439/1230)
INFO [2025-05-09 04:19:48] Successfully fetched game 0022400417 (440/1230)
INFO [2025-05-09 04:19:48] Successfully fetched game 0022400415 (441/1230)
INFO [2025-05-09 04:19:49] Successfully fetched game 0022400418 (442/1230)
INFO [2025-05-09 04:19:50] Successfully fetched game 0022400412 (443/1230)
INFO [2025-05-09 04:19:50] Successfully fetched game 0022400414 (444/1230)
INFO [2025-05-09 04:19:51] Successfully fetched game 0022400411 (445/1230)
INFO [2025-05-09 04:19:51] Successfully fetched game 0022400416 (446/1230)
INFO [2025-05-09 04:19:52] Successfully fetched game 0022400413 (447/1230)
INFO [2025-05-09 04:19:53] Successfully fetched game 0022400410 (448/1230)
INFO [2025-05-09 04:19:53] Successfully fetched game 0022400422 (449/1230)
INFO [2025-05-09 04:19:54] Successfully fetched game 0022400421 (450/1230)
INFO [2025-05-09 04:19:55] Successfully fetched game 0022400424 (451/1230)
INFO [2025-05-09 04:19:55] Successfully fetched game 0022400419 (452/1230)
INFO [2025-05-09 04:19:56] Successfully fetched game 0022400420 (453/1230)
INFO [2025-05-09 04:19:57] Successfully fetched game 0022400423 (454/1230)
INFO [2025-05-09 04:19:57] Successfully fetched game 0022400425 (455/1230)
INFO [2025-05-09 04:19:58] Successfully fetched game 0022400426 (456/1230)
INFO [2025-05-09 04:19:59] Successfully fetched game 0022400435 (457/1230)
INFO [2025-05-09 04:19:59] Successfully fetched game 0022400427 (458/1230)
INFO [2025-05-09 04:20:00] Successfully fetched game 0022400429 (459/1230)
INFO [2025-05-09 04:20:00] Successfully fetched game 0022400430 (460/1230)
INFO [2025-05-09 04:20:01] Successfully fetched game 0022400431 (461/1230)
INFO [2025-05-09 04:20:02] Successfully fetched game 0022400432 (462/1230)
INFO [2025-05-09 04:20:02] Successfully fetched game 0022400433 (463/1230)
INFO [2025-05-09 04:20:03] Successfully fetched game 0022400434 (464/1230)
INFO [2025-05-09 04:20:03] Successfully fetched game 0022400428 (465/1230)
INFO [2025-05-09 04:20:04] Successfully fetched game 0022400436 (466/1230)
INFO [2025-05-09 04:20:05] Successfully fetched game 0022400437 (467/1230)
INFO [2025-05-09 04:20:05] Successfully fetched game 0022400440 (468/1230)
INFO [2025-05-09 04:20:09] Successfully fetched game 0022400439 (469/1230)
INFO [2025-05-09 04:20:10] Successfully fetched game 0022400441 (470/1230)
INFO [2025-05-09 04:20:10] Successfully fetched game 0022400438 (471/1230)
INFO [2025-05-09 04:20:11] Successfully fetched game 0022400447 (472/1230)
INFO [2025-05-09 04:20:12] Successfully fetched game 0022400448 (473/1230)
INFO [2025-05-09 04:20:12] Successfully fetched game 0022400444 (474/1230)
INFO [2025-05-09 04:20:13] Successfully fetched game 0022400445 (475/1230)
INFO [2025-05-09 04:20:13] Successfully fetched game 0022400446 (476/1230)
INFO [2025-05-09 04:20:14] Successfully fetched game 0022400443 (477/1230)
INFO [2025-05-09 04:20:15] Successfully fetched game 0022400442 (478/1230)
INFO [2025-05-09 04:20:15] Successfully fetched game 0022400451 (479/1230)
INFO [2025-05-09 04:20:16] Successfully fetched game 0022400450 (480/1230)
INFO [2025-05-09 04:20:17] Successfully fetched game 0022400453 (481/1230)
INFO [2025-05-09 04:20:17] Successfully fetched game 0022400454 (482/1230)
INFO [2025-05-09 04:20:18] Successfully fetched game 0022400452 (483/1230)
INFO [2025-05-09 04:20:18] Successfully fetched game 0022400449 (484/1230)
INFO [2025-05-09 04:20:19] Successfully fetched game 0022400456 (485/1230)
INFO [2025-05-09 04:20:20] Successfully fetched game 0022400455 (486/1230)
INFO [2025-05-09 04:20:20] Successfully fetched game 0022400459 (487/1230)
INFO [2025-05-09 04:20:21] Successfully fetched game 0022400458 (488/1230)
INFO [2025-05-09 04:20:21] Successfully fetched game 0022400460 (489/1230)
INFO [2025-05-09 04:20:22] Successfully fetched game 0022400457 (490/1230)
INFO [2025-05-09 04:20:22] Successfully fetched game 0022400461 (491/1230)
INFO [2025-05-09 04:20:23] Successfully fetched game 0022400462 (492/1230)
INFO [2025-05-09 04:20:24] Successfully fetched game 0022400468 (493/1230)
INFO [2025-05-09 04:20:24] Successfully fetched game 0022400467 (494/1230)
INFO [2025-05-09 04:20:25] Successfully fetched game 0022400465 (495/1230)
INFO [2025-05-09 04:20:26] Successfully fetched game 0022400466 (496/1230)
INFO [2025-05-09 04:20:26] Successfully fetched game 0022400463 (497/1230)
INFO [2025-05-09 04:20:27] Successfully fetched game 0022400464 (498/1230)
INFO [2025-05-09 04:20:27] Successfully fetched game 0022400470 (499/1230)
INFO [2025-05-09 04:20:28] Successfully fetched game 0022400471 (500/1230)
INFO [2025-05-09 04:20:28] Successfully fetched game 0022400472 (501/1230)
INFO [2025-05-09 04:20:29] Successfully fetched game 0022400473 (502/1230)
INFO [2025-05-09 04:20:29] Successfully fetched game 0022400475 (503/1230)
INFO [2025-05-09 04:20:30] Successfully fetched game 0022400469 (504/1230)
INFO [2025-05-09 04:20:31] Successfully fetched game 0022400476 (505/1230)
INFO [2025-05-09 04:20:32] Successfully fetched game 0022400477 (506/1230)
INFO [2025-05-09 04:20:32] Successfully fetched game 0022400474 (507/1230)
INFO [2025-05-09 04:20:33] Successfully fetched game 0022400486 (508/1230)
INFO [2025-05-09 04:20:33] Successfully fetched game 0022400485 (509/1230)
INFO [2025-05-09 04:20:34] Successfully fetched game 0022400482 (510/1230)
INFO [2025-05-09 04:20:35] Successfully fetched game 0022400484 (511/1230)
INFO [2025-05-09 04:20:35] Successfully fetched game 0022400479 (512/1230)
INFO [2025-05-09 04:20:36] Successfully fetched game 0022400483 (513/1230)
INFO [2025-05-09 04:20:36] Successfully fetched game 0022400481 (514/1230)
INFO [2025-05-09 04:20:37] Successfully fetched game 0022400480 (515/1230)
INFO [2025-05-09 04:20:37] Successfully fetched game 0022400478 (516/1230)
INFO [2025-05-09 04:20:38] Successfully fetched game 0022400487 (517/1230)
INFO [2025-05-09 04:20:39] Successfully fetched game 0022400488 (518/1230)
INFO [2025-05-09 04:20:39] Successfully fetched game 0022400489 (519/1230)
INFO [2025-05-09 04:20:40] Successfully fetched game 0022400490 (520/1230)
INFO [2025-05-09 04:20:41] Successfully fetched game 0022400492 (521/1230)
INFO [2025-05-09 04:20:41] Successfully fetched game 0022400491 (522/1230)
INFO [2025-05-09 04:20:45] Successfully fetched game 0022400495 (523/1230)
INFO [2025-05-09 04:20:45] Successfully fetched game 0022400496 (524/1230)
INFO [2025-05-09 04:20:46] Successfully fetched game 0022400499 (525/1230)
INFO [2025-05-09 04:20:46] Successfully fetched game 0022400498 (526/1230)
INFO [2025-05-09 04:20:47] Successfully fetched game 0022400493 (527/1230)
INFO [2025-05-09 04:20:48] Successfully fetched game 0022400494 (528/1230)
INFO [2025-05-09 04:20:48] Successfully fetched game 0022400500 (529/1230)
INFO [2025-05-09 04:20:49] Successfully fetched game 0022400501 (530/1230)
INFO [2025-05-09 04:20:50] Successfully fetched game 0022400497 (531/1230)
INFO [2025-05-09 04:20:50] Successfully fetched game 0022400503 (532/1230)
INFO [2025-05-09 04:20:51] Successfully fetched game 0022400502 (533/1230)
INFO [2025-05-09 04:20:52] Successfully fetched game 0022400504 (534/1230)
INFO [2025-05-09 04:20:52] Successfully fetched game 0022400505 (535/1230)
INFO [2025-05-09 04:20:53] Successfully fetched game 0022400506 (536/1230)
INFO [2025-05-09 04:20:53] Successfully fetched game 0022400507 (537/1230)
INFO [2025-05-09 04:20:54] Successfully fetched game 0022400508 (538/1230)
INFO [2025-05-09 04:20:54] Successfully fetched game 0022400512 (539/1230)
INFO [2025-05-09 04:20:55] Successfully fetched game 0022400510 (540/1230)
INFO [2025-05-09 04:20:56] Successfully fetched game 0022400513 (541/1230)
INFO [2025-05-09 04:20:56] Successfully fetched game 0022400511 (542/1230)
INFO [2025-05-09 04:20:57] Successfully fetched game 0022400514 (543/1230)
INFO [2025-05-09 04:20:57] Successfully fetched game 0022400515 (544/1230)
INFO [2025-05-09 04:20:58] Successfully fetched game 0022400516 (545/1230)
INFO [2025-05-09 04:20:58] Successfully fetched game 0022400509 (546/1230)
INFO [2025-05-09 04:20:59] Successfully fetched game 0022400518 (547/1230)
INFO [2025-05-09 04:21:00] Successfully fetched game 0022400517 (548/1230)
INFO [2025-05-09 04:21:00] Successfully fetched game 0022400519 (549/1230)
INFO [2025-05-09 04:21:01] Successfully fetched game 0022400521 (550/1230)
INFO [2025-05-09 04:21:01] Successfully fetched game 0022400522 (551/1230)
INFO [2025-05-09 04:21:02] Successfully fetched game 0022400523 (552/1230)
INFO [2025-05-09 04:21:03] Successfully fetched game 0022400520 (553/1230)
INFO [2025-05-09 04:21:03] Successfully fetched game 0022400531 (554/1230)
INFO [2025-05-09 04:21:04] Successfully fetched game 0022400530 (555/1230)
INFO [2025-05-09 04:21:04] Successfully fetched game 0022400529 (556/1230)
INFO [2025-05-09 04:21:05] Successfully fetched game 0022400527 (557/1230)
INFO [2025-05-09 04:21:06] Successfully fetched game 0022400526 (558/1230)
INFO [2025-05-09 04:21:06] Successfully fetched game 0022400525 (559/1230)
INFO [2025-05-09 04:21:07] Successfully fetched game 0022400528 (560/1230)
INFO [2025-05-09 04:21:07] Successfully fetched game 0022400533 (561/1230)
INFO [2025-05-09 04:21:08] Successfully fetched game 0022400534 (562/1230)
INFO [2025-05-09 04:21:09] Successfully fetched game 0022400535 (563/1230)
INFO [2025-05-09 04:21:09] Successfully fetched game 0022400536 (564/1230)
INFO [2025-05-09 04:21:10] Successfully fetched game 0022400544 (565/1230)
INFO [2025-05-09 04:21:10] Successfully fetched game 0022400540 (566/1230)
INFO [2025-05-09 04:21:11] Successfully fetched game 0022400543 (567/1230)
INFO [2025-05-09 04:21:12] Successfully fetched game 0022400542 (568/1230)
INFO [2025-05-09 04:21:13] Successfully fetched game 0022400545 (569/1230)
INFO [2025-05-09 04:21:13] Successfully fetched game 0022400541 (570/1230)
INFO [2025-05-09 04:21:14] Successfully fetched game 0022400539 (571/1230)
INFO [2025-05-09 04:21:14] Successfully fetched game 0022400547 (572/1230)
INFO [2025-05-09 04:21:15] Successfully fetched game 0022400546 (573/1230)
INFO [2025-05-09 04:21:15] Successfully fetched game 0022400551 (574/1230)
INFO [2025-05-09 04:21:16] Successfully fetched game 0022400552 (575/1230)
INFO [2025-05-09 04:21:20] Successfully fetched game 0022400553 (576/1230)
INFO [2025-05-09 04:21:20] Successfully fetched game 0022400549 (577/1230)
INFO [2025-05-09 04:21:21] Successfully fetched game 0022400550 (578/1230)
INFO [2025-05-09 04:21:22] Successfully fetched game 0022400548 (579/1230)
INFO [2025-05-09 04:21:22] Successfully fetched game 0022400554 (580/1230)
INFO [2025-05-09 04:21:23] Successfully fetched game 0022400556 (581/1230)
INFO [2025-05-09 04:21:23] Successfully fetched game 0022400557 (582/1230)
INFO [2025-05-09 04:21:24] Successfully fetched game 0022400555 (583/1230)
INFO [2025-05-09 04:21:24] Successfully fetched game 0022400558 (584/1230)
INFO [2025-05-09 04:21:25] Successfully fetched game 0022400559 (585/1230)
INFO [2025-05-09 04:21:26] Successfully fetched game 0022400560 (586/1230)
INFO [2025-05-09 04:21:26] Successfully fetched game 0022400564 (587/1230)
INFO [2025-05-09 04:21:27] Successfully fetched game 0022400561 (588/1230)
INFO [2025-05-09 04:21:28] Successfully fetched game 0022400562 (589/1230)
INFO [2025-05-09 04:21:28] Successfully fetched game 0022400563 (590/1230)
INFO [2025-05-09 04:21:29] Successfully fetched game 0022400569 (591/1230)
INFO [2025-05-09 04:21:29] Successfully fetched game 0022400567 (592/1230)
INFO [2025-05-09 04:21:30] Successfully fetched game 0022400566 (593/1230)
INFO [2025-05-09 04:21:31] Successfully fetched game 0022400568 (594/1230)
INFO [2025-05-09 04:21:31] Successfully fetched game 0022400570 (595/1230)
INFO [2025-05-09 04:21:32] Successfully fetched game 0022400565 (596/1230)
INFO [2025-05-09 04:21:32] Successfully fetched game 0022400571 (597/1230)
INFO [2025-05-09 04:21:33] Successfully fetched game 0022400573 (598/1230)
INFO [2025-05-09 04:21:33] Successfully fetched game 0022400572 (599/1230)
INFO [2025-05-09 04:21:34] Successfully fetched game 0022400574 (600/1230)
INFO [2025-05-09 04:21:34] Successfully fetched game 0022400575 (601/1230)
INFO [2025-05-09 04:21:35] Successfully fetched game 0022400576 (602/1230)
INFO [2025-05-09 04:21:35] Successfully fetched game 0022400578 (603/1230)
INFO [2025-05-09 04:21:36] Successfully fetched game 0022400581 (604/1230)
INFO [2025-05-09 04:21:36] Successfully fetched game 0022400580 (605/1230)
INFO [2025-05-09 04:21:37] Successfully fetched game 0022400584 (606/1230)
INFO [2025-05-09 04:21:37] Successfully fetched game 0022400579 (607/1230)
INFO [2025-05-09 04:21:37] Successfully fetched game 0022400577 (608/1230)
INFO [2025-05-09 04:21:38] Successfully fetched game 0022400583 (609/1230)
INFO [2025-05-09 04:21:39] Successfully fetched game 0022400582 (610/1230)
INFO [2025-05-09 04:21:39] Successfully fetched game 0022400585 (611/1230)
INFO [2025-05-09 04:21:40] Successfully fetched game 0022400586 (612/1230)
INFO [2025-05-09 04:21:40] Successfully fetched game 0022400588 (613/1230)
INFO [2025-05-09 04:21:41] Successfully fetched game 0022400587 (614/1230)
INFO [2025-05-09 04:21:41] Successfully fetched game 0022400589 (615/1230)
INFO [2025-05-09 04:21:42] Successfully fetched game 0022400590 (616/1230)
INFO [2025-05-09 04:21:42] Successfully fetched game 0022400591 (617/1230)
INFO [2025-05-09 04:21:43] Successfully fetched game 0022400596 (618/1230)
INFO [2025-05-09 04:21:43] Successfully fetched game 0022400595 (619/1230)
INFO [2025-05-09 04:21:44] Successfully fetched game 0022400594 (620/1230)
INFO [2025-05-09 04:21:44] Successfully fetched game 0022400597 (621/1230)
INFO [2025-05-09 04:21:45] Successfully fetched game 0022400598 (622/1230)
INFO [2025-05-09 04:21:45] Successfully fetched game 0022400592 (623/1230)
INFO [2025-05-09 04:21:46] Successfully fetched game 0022400593 (624/1230)
INFO [2025-05-09 04:21:46] Successfully fetched game 0022400611 (625/1230)
INFO [2025-05-09 04:21:47] Successfully fetched game 0022400603 (626/1230)
INFO [2025-05-09 04:21:47] Successfully fetched game 0022400599 (627/1230)
INFO [2025-05-09 04:21:47] Successfully fetched game 0022400605 (628/1230)
INFO [2025-05-09 04:21:48] Successfully fetched game 0022400604 (629/1230)
INFO [2025-05-09 04:21:48] Successfully fetched game 0022400602 (630/1230)
INFO [2025-05-09 04:21:49] Successfully fetched game 0022400601 (631/1230)
INFO [2025-05-09 04:21:49] Successfully fetched game 0022400600 (632/1230)
INFO [2025-05-09 04:21:50] Successfully fetched game 0022400609 (633/1230)
INFO [2025-05-09 04:21:50] Successfully fetched game 0022400610 (634/1230)
INFO [2025-05-09 04:21:51] Successfully fetched game 0022400607 (635/1230)
INFO [2025-05-09 04:21:51] Successfully fetched game 0022400608 (636/1230)
INFO [2025-05-09 04:21:55] Successfully fetched game 0022400606 (637/1230)
INFO [2025-05-09 04:21:55] Successfully fetched game 0022400613 (638/1230)
INFO [2025-05-09 04:21:56] Successfully fetched game 0022400612 (639/1230)
INFO [2025-05-09 04:21:56] Successfully fetched game 0022400614 (640/1230)
INFO [2025-05-09 04:21:56] Successfully fetched game 0022400616 (641/1230)
INFO [2025-05-09 04:21:57] Successfully fetched game 0022400618 (642/1230)
INFO [2025-05-09 04:21:57] Successfully fetched game 0022400615 (643/1230)
INFO [2025-05-09 04:21:58] Successfully fetched game 0022400619 (644/1230)
INFO [2025-05-09 04:21:58] Successfully fetched game 0022400620 (645/1230)
INFO [2025-05-09 04:21:59] Successfully fetched game 0022400621 (646/1230)
INFO [2025-05-09 04:21:59] Successfully fetched game 0022400622 (647/1230)
INFO [2025-05-09 04:22:00] Successfully fetched game 0022400623 (648/1230)
INFO [2025-05-09 04:22:00] Successfully fetched game 0022400625 (649/1230)
INFO [2025-05-09 04:22:01] Successfully fetched game 0022400626 (650/1230)
INFO [2025-05-09 04:22:01] Successfully fetched game 0022400624 (651/1230)
INFO [2025-05-09 04:22:02] Successfully fetched game 0022400629 (652/1230)
INFO [2025-05-09 04:22:02] Successfully fetched game 0022400628 (653/1230)
INFO [2025-05-09 04:22:03] Successfully fetched game 0022400983 (654/1230)
INFO [2025-05-09 04:22:03] Successfully fetched game 0022400630 (655/1230)
INFO [2025-05-09 04:22:04] Successfully fetched game 0022400631 (656/1230)
INFO [2025-05-09 04:22:04] Successfully fetched game 0022400632 (657/1230)
INFO [2025-05-09 04:22:04] Successfully fetched game 0022400645 (658/1230)
INFO [2025-05-09 04:22:05] Successfully fetched game 0022400642 (659/1230)
INFO [2025-05-09 04:22:05] Successfully fetched game 0022400633 (660/1230)
INFO [2025-05-09 04:22:06] Successfully fetched game 0022400634 (661/1230)
INFO [2025-05-09 04:22:06] Successfully fetched game 0022400636 (662/1230)
INFO [2025-05-09 04:22:07] Successfully fetched game 0022400635 (663/1230)
INFO [2025-05-09 04:22:07] Successfully fetched game 0022400646 (664/1230)
INFO [2025-05-09 04:22:08] Successfully fetched game 0022400644 (665/1230)
INFO [2025-05-09 04:22:08] Successfully fetched game 0022400638 (666/1230)
INFO [2025-05-09 04:22:09] Successfully fetched game 0022400641 (667/1230)
INFO [2025-05-09 04:22:09] Successfully fetched game 0022400643 (668/1230)
INFO [2025-05-09 04:22:10] Successfully fetched game 0022400639 (669/1230)
INFO [2025-05-09 04:22:10] Successfully fetched game 0022400640 (670/1230)
INFO [2025-05-09 04:22:11] Successfully fetched game 0022400637 (671/1230)
INFO [2025-05-09 04:22:11] Successfully fetched game 0022400647 (672/1230)
INFO [2025-05-09 04:22:12] Successfully fetched game 0022400659 (673/1230)
INFO [2025-05-09 04:22:12] Successfully fetched game 0022400658 (674/1230)
INFO [2025-05-09 04:22:12] Successfully fetched game 0022400650 (675/1230)
INFO [2025-05-09 04:22:13] Successfully fetched game 0022400657 (676/1230)
INFO [2025-05-09 04:22:13] Successfully fetched game 0022400654 (677/1230)
INFO [2025-05-09 04:22:14] Successfully fetched game 0022400651 (678/1230)
INFO [2025-05-09 04:22:14] Successfully fetched game 0022400653 (679/1230)
INFO [2025-05-09 04:22:15] Successfully fetched game 0022400656 (680/1230)
INFO [2025-05-09 04:22:15] Successfully fetched game 0022400649 (681/1230)
INFO [2025-05-09 04:22:16] Successfully fetched game 0022400648 (682/1230)
INFO [2025-05-09 04:22:16] Successfully fetched game 0022400655 (683/1230)
INFO [2025-05-09 04:22:17] Successfully fetched game 0022400652 (684/1230)
INFO [2025-05-09 04:22:17] Successfully fetched game 0022400660 (685/1230)
INFO [2025-05-09 04:22:18] Successfully fetched game 0022400532 (686/1230)
INFO [2025-05-09 04:22:18] Successfully fetched game 0022400662 (687/1230)
INFO [2025-05-09 04:22:19] Successfully fetched game 0022400661 (688/1230)
INFO [2025-05-09 04:22:19] Successfully fetched game 0022400670 (689/1230)
INFO [2025-05-09 04:22:20] Successfully fetched game 0022400673 (690/1230)
INFO [2025-05-09 04:22:20] Successfully fetched game 0022400672 (691/1230)
INFO [2025-05-09 04:22:21] Successfully fetched game 0022400671 (692/1230)
INFO [2025-05-09 04:22:21] Successfully fetched game 0022400666 (693/1230)
INFO [2025-05-09 04:22:22] Successfully fetched game 0022400663 (694/1230)
INFO [2025-05-09 04:22:22] Successfully fetched game 0022400668 (695/1230)
INFO [2025-05-09 04:22:22] Successfully fetched game 0022400669 (696/1230)
INFO [2025-05-09 04:22:23] Successfully fetched game 0022400667 (697/1230)
INFO [2025-05-09 04:22:24] Successfully fetched game 0022400665 (698/1230)
INFO [2025-05-09 04:22:24] Successfully fetched game 0022400664 (699/1230)
INFO [2025-05-09 04:22:25] Successfully fetched game 0022400674 (700/1230)
INFO [2025-05-09 04:22:25] Successfully fetched game 0022400677 (701/1230)
INFO [2025-05-09 04:22:26] Successfully fetched game 0022400676 (702/1230)
INFO [2025-05-09 04:22:26] Successfully fetched game 0022400678 (703/1230)
INFO [2025-05-09 04:22:27] Successfully fetched game 0022400675 (704/1230)
INFO [2025-05-09 04:22:30] Successfully fetched game 0022400680 (705/1230)
INFO [2025-05-09 04:22:30] Successfully fetched game 0022400683 (706/1230)
INFO [2025-05-09 04:22:31] Successfully fetched game 0022400679 (707/1230)
INFO [2025-05-09 04:22:32] Successfully fetched game 0022400682 (708/1230)
INFO [2025-05-09 04:22:32] Successfully fetched game 0022400681 (709/1230)
INFO [2025-05-09 04:22:33] Successfully fetched game 0022400684 (710/1230)
INFO [2025-05-09 04:22:33] Successfully fetched game 0022400685 (711/1230)
INFO [2025-05-09 04:22:33] Successfully fetched game 0022400687 (712/1230)
INFO [2025-05-09 04:22:34] Successfully fetched game 0022400686 (713/1230)
INFO [2025-05-09 04:22:34] Successfully fetched game 0022400691 (714/1230)
INFO [2025-05-09 04:22:35] Successfully fetched game 0022400688 (715/1230)
INFO [2025-05-09 04:22:35] Successfully fetched game 0022400690 (716/1230)
INFO [2025-05-09 04:22:36] Successfully fetched game 0022400689 (717/1230)
INFO [2025-05-09 04:22:36] Successfully fetched game 0022400693 (718/1230)
INFO [2025-05-09 04:22:37] Successfully fetched game 0022400692 (719/1230)
INFO [2025-05-09 04:22:37] Successfully fetched game 0022400694 (720/1230)
INFO [2025-05-09 04:22:38] Successfully fetched game 0022400695 (721/1230)
INFO [2025-05-09 04:22:38] Successfully fetched game 0022400696 (722/1230)
INFO [2025-05-09 04:22:39] Successfully fetched game 0022400697 (723/1230)
INFO [2025-05-09 04:22:39] Successfully fetched game 0022400698 (724/1230)
INFO [2025-05-09 04:22:40] Successfully fetched game 0022400699 (725/1230)
INFO [2025-05-09 04:22:40] Successfully fetched game 0022400702 (726/1230)
INFO [2025-05-09 04:22:41] Successfully fetched game 0022400708 (727/1230)
INFO [2025-05-09 04:22:41] Successfully fetched game 0022400709 (728/1230)
INFO [2025-05-09 04:22:42] Successfully fetched game 0022400707 (729/1230)
INFO [2025-05-09 04:22:42] Successfully fetched game 0022400706 (730/1230)
INFO [2025-05-09 04:22:43] Successfully fetched game 0022400704 (731/1230)
INFO [2025-05-09 04:22:43] Successfully fetched game 0022400703 (732/1230)
INFO [2025-05-09 04:22:43] Successfully fetched game 0022400705 (733/1230)
INFO [2025-05-09 04:22:44] Successfully fetched game 0022400701 (734/1230)
INFO [2025-05-09 04:22:44] Successfully fetched game 0022400700 (735/1230)
INFO [2025-05-09 04:22:45] Successfully fetched game 0022400716 (736/1230)
INFO [2025-05-09 04:22:45] Successfully fetched game 0022400715 (737/1230)
INFO [2025-05-09 04:22:46] Successfully fetched game 0022400714 (738/1230)
INFO [2025-05-09 04:22:46] Successfully fetched game 0022400712 (739/1230)
INFO [2025-05-09 04:22:47] Successfully fetched game 0022400711 (740/1230)
INFO [2025-05-09 04:22:47] Successfully fetched game 0022400710 (741/1230)
INFO [2025-05-09 04:22:48] Successfully fetched game 0022400713 (742/1230)
INFO [2025-05-09 04:22:48] Successfully fetched game 0022400720 (743/1230)
INFO [2025-05-09 04:22:49] Successfully fetched game 0022400727 (744/1230)
INFO [2025-05-09 04:22:49] Successfully fetched game 0022400724 (745/1230)
INFO [2025-05-09 04:22:50] Successfully fetched game 0022400723 (746/1230)
INFO [2025-05-09 04:22:50] Successfully fetched game 0022400725 (747/1230)
INFO [2025-05-09 04:22:51] Successfully fetched game 0022400722 (748/1230)
INFO [2025-05-09 04:22:51] Successfully fetched game 0022400726 (749/1230)
INFO [2025-05-09 04:22:52] Successfully fetched game 0022400721 (750/1230)
INFO [2025-05-09 04:22:52] Successfully fetched game 0022400718 (751/1230)
INFO [2025-05-09 04:22:52] Successfully fetched game 0022400717 (752/1230)
INFO [2025-05-09 04:22:53] Successfully fetched game 0022400719 (753/1230)
INFO [2025-05-09 04:22:53] Successfully fetched game 0022400732 (754/1230)
INFO [2025-05-09 04:22:54] Successfully fetched game 0022400730 (755/1230)
INFO [2025-05-09 04:22:54] Successfully fetched game 0022400733 (756/1230)
INFO [2025-05-09 04:22:55] Successfully fetched game 0022400731 (757/1230)
INFO [2025-05-09 04:22:55] Successfully fetched game 0022400729 (758/1230)
INFO [2025-05-09 04:22:56] Successfully fetched game 0022400728 (759/1230)
INFO [2025-05-09 04:22:56] Successfully fetched game 0022400740 (760/1230)
INFO [2025-05-09 04:22:57] Successfully fetched game 0022400735 (761/1230)
INFO [2025-05-09 04:22:57] Successfully fetched game 0022400739 (762/1230)
INFO [2025-05-09 04:22:58] Successfully fetched game 0022400736 (763/1230)
INFO [2025-05-09 04:22:58] Successfully fetched game 0022400738 (764/1230)
INFO [2025-05-09 04:22:59] Successfully fetched game 0022400734 (765/1230)
INFO [2025-05-09 04:22:59] Successfully fetched game 0022400737 (766/1230)
INFO [2025-05-09 04:23:00] Successfully fetched game 0022400750 (767/1230)
INFO [2025-05-09 04:23:00] Successfully fetched game 0022400747 (768/1230)
INFO [2025-05-09 04:23:01] Successfully fetched game 0022400746 (769/1230)
INFO [2025-05-09 04:23:01] Successfully fetched game 0022400745 (770/1230)
INFO [2025-05-09 04:23:02] Successfully fetched game 0022400744 (771/1230)
INFO [2025-05-09 04:23:02] Successfully fetched game 0022400748 (772/1230)
INFO [2025-05-09 04:23:06] Successfully fetched game 0022400742 (773/1230)
INFO [2025-05-09 04:23:06] Successfully fetched game 0022400749 (774/1230)
INFO [2025-05-09 04:23:07] Successfully fetched game 0022400751 (775/1230)
INFO [2025-05-09 04:23:07] Successfully fetched game 0022400743 (776/1230)
INFO [2025-05-09 04:23:08] Successfully fetched game 0022400741 (777/1230)
INFO [2025-05-09 04:23:08] Successfully fetched game 0022400753 (778/1230)
INFO [2025-05-09 04:23:08] Successfully fetched game 0022400754 (779/1230)
INFO [2025-05-09 04:23:09] Successfully fetched game 0022400752 (780/1230)
INFO [2025-05-09 04:23:09] Successfully fetched game 0022400755 (781/1230)
INFO [2025-05-09 04:23:10] Successfully fetched game 0022400757 (782/1230)
INFO [2025-05-09 04:23:11] Successfully fetched game 0022400756 (783/1230)
INFO [2025-05-09 04:23:11] Successfully fetched game 0022400759 (784/1230)
INFO [2025-05-09 04:23:12] Successfully fetched game 0022400758 (785/1230)
INFO [2025-05-09 04:23:12] Successfully fetched game 0022400761 (786/1230)
INFO [2025-05-09 04:23:13] Successfully fetched game 0022400760 (787/1230)
INFO [2025-05-09 04:23:13] Successfully fetched game 0022400762 (788/1230)
INFO [2025-05-09 04:23:14] Successfully fetched game 0022400763 (789/1230)
INFO [2025-05-09 04:23:14] Successfully fetched game 0022400768 (790/1230)
INFO [2025-05-09 04:23:15] Successfully fetched game 0022400767 (791/1230)
INFO [2025-05-09 04:23:15] Successfully fetched game 0022400764 (792/1230)
INFO [2025-05-09 04:23:16] Successfully fetched game 0022400765 (793/1230)
INFO [2025-05-09 04:23:16] Successfully fetched game 0022400766 (794/1230)
INFO [2025-05-09 04:23:17] Successfully fetched game 0022400771 (795/1230)
INFO [2025-05-09 04:23:17] Successfully fetched game 0022400772 (796/1230)
INFO [2025-05-09 04:23:18] Successfully fetched game 0022400774 (797/1230)
INFO [2025-05-09 04:23:18] Successfully fetched game 0022400776 (798/1230)
INFO [2025-05-09 04:23:19] Successfully fetched game 0022400769 (799/1230)
INFO [2025-05-09 04:23:19] Successfully fetched game 0022400770 (800/1230)
INFO [2025-05-09 04:23:19] Successfully fetched game 0022400783 (801/1230)
INFO [2025-05-09 04:23:20] Successfully fetched game 0022400778 (802/1230)
INFO [2025-05-09 04:23:20] Successfully fetched game 0022400775 (803/1230)
INFO [2025-05-09 04:23:21] Successfully fetched game 0022400777 (804/1230)
INFO [2025-05-09 04:23:21] Successfully fetched game 0022400780 (805/1230)
INFO [2025-05-09 04:23:22] Successfully fetched game 0022400782 (806/1230)
INFO [2025-05-09 04:23:22] Successfully fetched game 0022400781 (807/1230)
INFO [2025-05-09 04:23:23] Successfully fetched game 0022400779 (808/1230)
INFO [2025-05-09 04:23:23] Successfully fetched game 0022400773 (809/1230)
INFO [2025-05-09 04:23:24] Successfully fetched game 0022400785 (810/1230)
INFO [2025-05-09 04:23:24] Successfully fetched game 0022401004 (811/1230)
INFO [2025-05-09 04:23:25] Successfully fetched game 0022400784 (812/1230)
INFO [2025-05-09 04:23:25] Successfully fetched game 0022400787 (813/1230)
INFO [2025-05-09 04:23:26] Successfully fetched game 0022400786 (814/1230)
INFO [2025-05-09 04:23:26] Successfully fetched game 0022400524 (815/1230)
INFO [2025-05-09 04:23:26] Successfully fetched game 0022400791 (816/1230)
INFO [2025-05-09 04:23:27] Successfully fetched game 0022400789 (817/1230)
INFO [2025-05-09 04:23:27] Successfully fetched game 0022400790 (818/1230)
INFO [2025-05-09 04:23:28] Successfully fetched game 0022400788 (819/1230)
INFO [2025-05-09 04:23:28] Successfully fetched game 0022400792 (820/1230)
INFO [2025-05-09 04:23:29] Successfully fetched game 0022400793 (821/1230)
INFO [2025-05-09 04:23:29] Successfully fetched game 0022400794 (822/1230)
INFO [2025-05-09 04:23:30] Successfully fetched game 0022400795 (823/1230)
INFO [2025-05-09 04:23:30] Successfully fetched game 0022400796 (824/1230)
INFO [2025-05-09 04:23:31] Successfully fetched game 0022400800 (825/1230)
INFO [2025-05-09 04:23:31] Successfully fetched game 0022400801 (826/1230)
INFO [2025-05-09 04:23:32] Successfully fetched game 0022400799 (827/1230)
INFO [2025-05-09 04:23:32] Successfully fetched game 0022400805 (828/1230)
INFO [2025-05-09 04:23:33] Successfully fetched game 0022400804 (829/1230)
INFO [2025-05-09 04:23:33] Successfully fetched game 0022400802 (830/1230)
INFO [2025-05-09 04:23:33] Successfully fetched game 0022400797 (831/1230)
INFO [2025-05-09 04:23:34] Successfully fetched game 0022400803 (832/1230)
INFO [2025-05-09 04:23:34] Successfully fetched game 0022400798 (833/1230)
INFO [2025-05-09 04:23:35] Successfully fetched game 0022400807 (834/1230)
INFO [2025-05-09 04:23:35] Successfully fetched game 0022400806 (835/1230)
INFO [2025-05-09 04:23:36] Successfully fetched game 0022400810 (836/1230)
INFO [2025-05-09 04:23:36] Successfully fetched game 0022400808 (837/1230)
INFO [2025-05-09 04:23:37] Successfully fetched game 0022400809 (838/1230)
INFO [2025-05-09 04:23:37] Successfully fetched game 0022400820 (839/1230)
INFO [2025-05-09 04:23:41] Successfully fetched game 0022400815 (840/1230)
INFO [2025-05-09 04:23:41] Successfully fetched game 0022400819 (841/1230)
INFO [2025-05-09 04:23:42] Successfully fetched game 0022400816 (842/1230)
INFO [2025-05-09 04:23:42] Successfully fetched game 0022400817 (843/1230)
INFO [2025-05-09 04:23:43] Successfully fetched game 0022400814 (844/1230)
INFO [2025-05-09 04:23:43] Successfully fetched game 0022400813 (845/1230)
INFO [2025-05-09 04:23:44] Successfully fetched game 0022400811 (846/1230)
INFO [2025-05-09 04:23:44] Successfully fetched game 0022400818 (847/1230)
INFO [2025-05-09 04:23:45] Successfully fetched game 0022400812 (848/1230)
INFO [2025-05-09 04:23:45] Successfully fetched game 0022400823 (849/1230)
INFO [2025-05-09 04:23:46] Successfully fetched game 0022400825 (850/1230)
INFO [2025-05-09 04:23:46] Successfully fetched game 0022400824 (851/1230)
INFO [2025-05-09 04:23:46] Successfully fetched game 0022400821 (852/1230)
INFO [2025-05-09 04:23:47] Successfully fetched game 0022400822 (853/1230)
INFO [2025-05-09 04:23:48] Successfully fetched game 0022400826 (854/1230)
INFO [2025-05-09 04:23:48] Successfully fetched game 0022400827 (855/1230)
INFO [2025-05-09 04:23:49] Successfully fetched game 0022400828 (856/1230)
INFO [2025-05-09 04:23:49] Successfully fetched game 0022400832 (857/1230)
INFO [2025-05-09 04:23:50] Successfully fetched game 0022400831 (858/1230)
INFO [2025-05-09 04:23:50] Successfully fetched game 0022400834 (859/1230)
INFO [2025-05-09 04:23:50] Successfully fetched game 0022400835 (860/1230)
INFO [2025-05-09 04:23:51] Successfully fetched game 0022400833 (861/1230)
INFO [2025-05-09 04:23:51] Successfully fetched game 0022400830 (862/1230)
INFO [2025-05-09 04:23:52] Successfully fetched game 0022400829 (863/1230)
INFO [2025-05-09 04:23:52] Successfully fetched game 0022400841 (864/1230)
INFO [2025-05-09 04:23:53] Successfully fetched game 0022400844 (865/1230)
INFO [2025-05-09 04:23:53] Successfully fetched game 0022400843 (866/1230)
INFO [2025-05-09 04:23:54] Successfully fetched game 0022400840 (867/1230)
INFO [2025-05-09 04:23:54] Successfully fetched game 0022400842 (868/1230)
INFO [2025-05-09 04:23:55] Successfully fetched game 0022400836 (869/1230)
INFO [2025-05-09 04:23:55] Successfully fetched game 0022400838 (870/1230)
INFO [2025-05-09 04:23:56] Successfully fetched game 0022400839 (871/1230)
INFO [2025-05-09 04:23:56] Successfully fetched game 0022400837 (872/1230)
INFO [2025-05-09 04:23:57] Successfully fetched game 0022400846 (873/1230)
INFO [2025-05-09 04:23:57] Successfully fetched game 0022400847 (874/1230)
INFO [2025-05-09 04:23:58] Successfully fetched game 0022400848 (875/1230)
INFO [2025-05-09 04:23:58] Successfully fetched game 0022400849 (876/1230)
INFO [2025-05-09 04:23:59] Successfully fetched game 0022400845 (877/1230)
INFO [2025-05-09 04:23:59] Successfully fetched game 0022400851 (878/1230)
INFO [2025-05-09 04:24:00] Successfully fetched game 0022400858 (879/1230)
INFO [2025-05-09 04:24:00] Successfully fetched game 0022400859 (880/1230)
INFO [2025-05-09 04:24:00] Successfully fetched game 0022400855 (881/1230)
INFO [2025-05-09 04:24:01] Successfully fetched game 0022400857 (882/1230)
INFO [2025-05-09 04:24:01] Successfully fetched game 0022400856 (883/1230)
INFO [2025-05-09 04:24:02] Successfully fetched game 0022400852 (884/1230)
INFO [2025-05-09 04:24:02] Successfully fetched game 0022400854 (885/1230)
INFO [2025-05-09 04:24:03] Successfully fetched game 0022400853 (886/1230)
INFO [2025-05-09 04:24:03] Successfully fetched game 0022400850 (887/1230)
INFO [2025-05-09 04:24:04] Successfully fetched game 0022400860 (888/1230)
INFO [2025-05-09 04:24:04] Successfully fetched game 0022400864 (889/1230)
INFO [2025-05-09 04:24:05] Successfully fetched game 0022400863 (890/1230)
INFO [2025-05-09 04:24:05] Successfully fetched game 0022400865 (891/1230)
INFO [2025-05-09 04:24:06] Successfully fetched game 0022400862 (892/1230)
INFO [2025-05-09 04:24:06] Successfully fetched game 0022400861 (893/1230)
INFO [2025-05-09 04:24:07] Successfully fetched game 0022400870 (894/1230)
INFO [2025-05-09 04:24:07] Successfully fetched game 0022400871 (895/1230)
INFO [2025-05-09 04:24:08] Successfully fetched game 0022400869 (896/1230)
INFO [2025-05-09 04:24:08] Successfully fetched game 0022400867 (897/1230)
INFO [2025-05-09 04:24:09] Successfully fetched game 0022400868 (898/1230)
INFO [2025-05-09 04:24:09] Successfully fetched game 0022400873 (899/1230)
INFO [2025-05-09 04:24:10] Successfully fetched game 0022400874 (900/1230)
INFO [2025-05-09 04:24:10] Successfully fetched game 0022400872 (901/1230)
INFO [2025-05-09 04:24:11] Successfully fetched game 0022400866 (902/1230)
INFO [2025-05-09 04:24:11] Successfully fetched game 0022400875 (903/1230)
INFO [2025-05-09 04:24:11] Successfully fetched game 0022400876 (904/1230)
INFO [2025-05-09 04:24:12] Successfully fetched game 0022400881 (905/1230)
INFO [2025-05-09 04:24:15] Successfully fetched game 0022400880 (906/1230)
INFO [2025-05-09 04:24:16] Successfully fetched game 0022400878 (907/1230)
INFO [2025-05-09 04:24:16] Successfully fetched game 0022400879 (908/1230)
INFO [2025-05-09 04:24:17] Successfully fetched game 0022400877 (909/1230)
INFO [2025-05-09 04:24:17] Successfully fetched game 0022400888 (910/1230)
INFO [2025-05-09 04:24:18] Successfully fetched game 0022400884 (911/1230)
INFO [2025-05-09 04:24:18] Successfully fetched game 0022400886 (912/1230)
INFO [2025-05-09 04:24:19] Successfully fetched game 0022400885 (913/1230)
INFO [2025-05-09 04:24:19] Successfully fetched game 0022400889 (914/1230)
INFO [2025-05-09 04:24:20] Successfully fetched game 0022400890 (915/1230)
INFO [2025-05-09 04:24:20] Successfully fetched game 0022400887 (916/1230)
INFO [2025-05-09 04:24:21] Successfully fetched game 0022400882 (917/1230)
INFO [2025-05-09 04:24:21] Successfully fetched game 0022400883 (918/1230)
INFO [2025-05-09 04:24:21] Successfully fetched game 0022400893 (919/1230)
INFO [2025-05-09 04:24:22] Successfully fetched game 0022400891 (920/1230)
INFO [2025-05-09 04:24:22] Successfully fetched game 0022400894 (921/1230)
INFO [2025-05-09 04:24:23] Successfully fetched game 0022400892 (922/1230)
INFO [2025-05-09 04:24:23] Successfully fetched game 0022400896 (923/1230)
INFO [2025-05-09 04:24:24] Successfully fetched game 0022400895 (924/1230)
INFO [2025-05-09 04:24:24] Successfully fetched game 0022400898 (925/1230)
INFO [2025-05-09 04:24:25] Successfully fetched game 0022400897 (926/1230)
INFO [2025-05-09 04:24:25] Successfully fetched game 0022400900 (927/1230)
INFO [2025-05-09 04:24:26] Successfully fetched game 0022400903 (928/1230)
INFO [2025-05-09 04:24:26] Successfully fetched game 0022400902 (929/1230)
INFO [2025-05-09 04:24:27] Successfully fetched game 0022400944 (930/1230)
INFO [2025-05-09 04:24:27] Successfully fetched game 0022400901 (931/1230)
INFO [2025-05-09 04:24:28] Successfully fetched game 0022400899 (932/1230)
INFO [2025-05-09 04:24:28] Successfully fetched game 0022400904 (933/1230)
INFO [2025-05-09 04:24:29] Successfully fetched game 0022400906 (934/1230)
INFO [2025-05-09 04:24:29] Successfully fetched game 0022400905 (935/1230)
INFO [2025-05-09 04:24:30] Successfully fetched game 0022400908 (936/1230)
INFO [2025-05-09 04:24:30] Successfully fetched game 0022400907 (937/1230)
INFO [2025-05-09 04:24:31] Successfully fetched game 0022400910 (938/1230)
INFO [2025-05-09 04:24:32] Successfully fetched game 0022400909 (939/1230)
INFO [2025-05-09 04:24:32] Successfully fetched game 0022400911 (940/1230)
INFO [2025-05-09 04:24:33] Successfully fetched game 0022400912 (941/1230)
INFO [2025-05-09 04:24:33] Successfully fetched game 0022400914 (942/1230)
INFO [2025-05-09 04:24:33] Successfully fetched game 0022400916 (943/1230)
INFO [2025-05-09 04:24:34] Successfully fetched game 0022400918 (944/1230)
INFO [2025-05-09 04:24:34] Successfully fetched game 0022400917 (945/1230)
INFO [2025-05-09 04:24:35] Successfully fetched game 0022400919 (946/1230)
INFO [2025-05-09 04:24:35] Successfully fetched game 0022400915 (947/1230)
INFO [2025-05-09 04:24:36] Successfully fetched game 0022400913 (948/1230)
INFO [2025-05-09 04:24:36] Successfully fetched game 0022400920 (949/1230)
INFO [2025-05-09 04:24:37] Successfully fetched game 0022400921 (950/1230)
INFO [2025-05-09 04:24:37] Successfully fetched game 0022400927 (951/1230)
INFO [2025-05-09 04:24:38] Successfully fetched game 0022400922 (952/1230)
INFO [2025-05-09 04:24:38] Successfully fetched game 0022400926 (953/1230)
INFO [2025-05-09 04:24:39] Successfully fetched game 0022400924 (954/1230)
INFO [2025-05-09 04:24:39] Successfully fetched game 0022400925 (955/1230)
INFO [2025-05-09 04:24:39] Successfully fetched game 0022400923 (956/1230)
INFO [2025-05-09 04:24:40] Successfully fetched game 0022400938 (957/1230)
INFO [2025-05-09 04:24:40] Successfully fetched game 0022400928 (958/1230)
INFO [2025-05-09 04:24:41] Successfully fetched game 0022400939 (959/1230)
INFO [2025-05-09 04:24:41] Successfully fetched game 0022400933 (960/1230)
INFO [2025-05-09 04:24:42] Successfully fetched game 0022400930 (961/1230)
INFO [2025-05-09 04:24:42] Successfully fetched game 0022400929 (962/1230)
INFO [2025-05-09 04:24:43] Successfully fetched game 0022400937 (963/1230)
INFO [2025-05-09 04:24:43] Successfully fetched game 0022400935 (964/1230)
INFO [2025-05-09 04:24:44] Successfully fetched game 0022400934 (965/1230)
INFO [2025-05-09 04:24:44] Successfully fetched game 0022400936 (966/1230)
INFO [2025-05-09 04:24:45] Successfully fetched game 0022400931 (967/1230)
INFO [2025-05-09 04:24:45] Successfully fetched game 0022400932 (968/1230)
INFO [2025-05-09 04:24:45] Successfully fetched game 0022400940 (969/1230)
INFO [2025-05-09 04:24:46] Successfully fetched game 0022400941 (970/1230)
INFO [2025-05-09 04:24:46] Successfully fetched game 0022400943 (971/1230)
INFO [2025-05-09 04:24:47] Successfully fetched game 0022400942 (972/1230)
INFO [2025-05-09 04:24:47] Successfully fetched game 0022400950 (973/1230)
INFO [2025-05-09 04:24:51] Successfully fetched game 0022400948 (974/1230)
INFO [2025-05-09 04:24:51] Successfully fetched game 0022400949 (975/1230)
INFO [2025-05-09 04:24:52] Successfully fetched game 0022400947 (976/1230)
INFO [2025-05-09 04:24:52] Successfully fetched game 0022400945 (977/1230)
INFO [2025-05-09 04:24:52] Successfully fetched game 0022400952 (978/1230)
INFO [2025-05-09 04:24:53] Successfully fetched game 0022400953 (979/1230)
INFO [2025-05-09 04:24:53] Successfully fetched game 0022400951 (980/1230)
INFO [2025-05-09 04:24:54] Successfully fetched game 0022400946 (981/1230)
INFO [2025-05-09 04:24:54] Successfully fetched game 0022400954 (982/1230)
INFO [2025-05-09 04:24:55] Successfully fetched game 0022400955 (983/1230)
INFO [2025-05-09 04:24:55] Successfully fetched game 0022401141 (984/1230)
INFO [2025-05-09 04:24:56] Successfully fetched game 0022400957 (985/1230)
INFO [2025-05-09 04:24:56] Successfully fetched game 0022400956 (986/1230)
INFO [2025-05-09 04:24:57] Successfully fetched game 0022400966 (987/1230)
INFO [2025-05-09 04:24:57] Successfully fetched game 0022400967 (988/1230)
INFO [2025-05-09 04:24:58] Successfully fetched game 0022400965 (989/1230)
INFO [2025-05-09 04:24:58] Successfully fetched game 0022400962 (990/1230)
INFO [2025-05-09 04:24:59] Successfully fetched game 0022400964 (991/1230)
INFO [2025-05-09 04:24:59] Successfully fetched game 0022400960 (992/1230)
INFO [2025-05-09 04:25:00] Successfully fetched game 0022400963 (993/1230)
INFO [2025-05-09 04:25:00] Successfully fetched game 0022400959 (994/1230)
INFO [2025-05-09 04:25:01] Successfully fetched game 0022400961 (995/1230)
INFO [2025-05-09 04:25:01] Successfully fetched game 0022400958 (996/1230)
INFO [2025-05-09 04:25:02] Successfully fetched game 0022400968 (997/1230)
INFO [2025-05-09 04:25:02] Successfully fetched game 0022400971 (998/1230)
INFO [2025-05-09 04:25:03] Successfully fetched game 0022400969 (999/1230)
INFO [2025-05-09 04:25:03] Successfully fetched game 0022400970 (1000/1230)
INFO [2025-05-09 04:25:03] Successfully fetched game 0022400972 (1001/1230)
INFO [2025-05-09 04:25:04] Successfully fetched game 0022400975 (1002/1230)
INFO [2025-05-09 04:25:04] Successfully fetched game 0022400974 (1003/1230)
INFO [2025-05-09 04:25:05] Successfully fetched game 0022400973 (1004/1230)
INFO [2025-05-09 04:25:05] Successfully fetched game 0022400980 (1005/1230)
INFO [2025-05-09 04:25:06] Successfully fetched game 0022400977 (1006/1230)
INFO [2025-05-09 04:25:06] Successfully fetched game 0022400978 (1007/1230)
INFO [2025-05-09 04:25:07] Successfully fetched game 0022400982 (1008/1230)
INFO [2025-05-09 04:25:07] Successfully fetched game 0022400981 (1009/1230)
INFO [2025-05-09 04:25:08] Successfully fetched game 0022400538 (1010/1230)
INFO [2025-05-09 04:25:08] Successfully fetched game 0022400979 (1011/1230)
INFO [2025-05-09 04:25:09] Successfully fetched game 0022400976 (1012/1230)
INFO [2025-05-09 04:25:09] Successfully fetched game 0022400992 (1013/1230)
INFO [2025-05-09 04:25:10] Successfully fetched game 0022400989 (1014/1230)
INFO [2025-05-09 04:25:10] Successfully fetched game 0022400986 (1015/1230)
INFO [2025-05-09 04:25:11] Successfully fetched game 0022400995 (1016/1230)
INFO [2025-05-09 04:25:11] Successfully fetched game 0022400990 (1017/1230)
INFO [2025-05-09 04:25:12] Successfully fetched game 0022400991 (1018/1230)
INFO [2025-05-09 04:25:12] Successfully fetched game 0022400987 (1019/1230)
INFO [2025-05-09 04:25:13] Successfully fetched game 0022400985 (1020/1230)
INFO [2025-05-09 04:25:13] Successfully fetched game 0022400984 (1021/1230)
INFO [2025-05-09 04:25:14] Successfully fetched game 0022400537 (1022/1230)
INFO [2025-05-09 04:25:14] Successfully fetched game 0022400993 (1023/1230)
INFO [2025-05-09 04:25:15] Successfully fetched game 0022400994 (1024/1230)
INFO [2025-05-09 04:25:15] Successfully fetched game 0022401012 (1025/1230)
INFO [2025-05-09 04:25:16] Successfully fetched game 0022400997 (1026/1230)
INFO [2025-05-09 04:25:16] Successfully fetched game 0022401003 (1027/1230)
INFO [2025-05-09 04:25:17] Successfully fetched game 0022400998 (1028/1230)
INFO [2025-05-09 04:25:17] Successfully fetched game 0022401007 (1029/1230)
INFO [2025-05-09 04:25:18] Successfully fetched game 0022401009 (1030/1230)
INFO [2025-05-09 04:25:18] Successfully fetched game 0022401006 (1031/1230)
INFO [2025-05-09 04:25:19] Successfully fetched game 0022401008 (1032/1230)
INFO [2025-05-09 04:25:19] Successfully fetched game 0022401000 (1033/1230)
INFO [2025-05-09 04:25:19] Successfully fetched game 0022400627 (1034/1230)
INFO [2025-05-09 04:25:20] Successfully fetched game 0022401002 (1035/1230)
INFO [2025-05-09 04:25:20] Successfully fetched game 0022401001 (1036/1230)
INFO [2025-05-09 04:25:21] Successfully fetched game 0022400999 (1037/1230)
INFO [2025-05-09 04:25:21] Successfully fetched game 0022401013 (1038/1230)
INFO [2025-05-09 04:25:22] Successfully fetched game 0022401010 (1039/1230)
INFO [2025-05-09 04:25:22] Successfully fetched game 0022401011 (1040/1230)
INFO [2025-05-09 04:25:26] Successfully fetched game 0022401005 (1041/1230)
INFO [2025-05-09 04:25:26] Successfully fetched game 0022400996 (1042/1230)
INFO [2025-05-09 04:25:27] Successfully fetched game 0022401023 (1043/1230)
INFO [2025-05-09 04:25:27] Successfully fetched game 0022401022 (1044/1230)
INFO [2025-05-09 04:25:28] Successfully fetched game 0022401021 (1045/1230)
INFO [2025-05-09 04:25:28] Successfully fetched game 0022401018 (1046/1230)
INFO [2025-05-09 04:25:29] Successfully fetched game 0022401016 (1047/1230)
INFO [2025-05-09 04:25:29] Successfully fetched game 0022401017 (1048/1230)
INFO [2025-05-09 04:25:30] Successfully fetched game 0022401020 (1049/1230)
INFO [2025-05-09 04:25:30] Successfully fetched game 0022401019 (1050/1230)
INFO [2025-05-09 04:25:30] Successfully fetched game 0022401015 (1051/1230)
INFO [2025-05-09 04:25:31] Successfully fetched game 0022401014 (1052/1230)
INFO [2025-05-09 04:25:31] Successfully fetched game 0022401025 (1053/1230)
INFO [2025-05-09 04:25:32] Successfully fetched game 0022401026 (1054/1230)
INFO [2025-05-09 04:25:32] Successfully fetched game 0022401027 (1055/1230)
INFO [2025-05-09 04:25:33] Successfully fetched game 0022401028 (1056/1230)
INFO [2025-05-09 04:25:33] Successfully fetched game 0022401024 (1057/1230)
INFO [2025-05-09 04:25:34] Successfully fetched game 0022401031 (1058/1230)
INFO [2025-05-09 04:25:34] Successfully fetched game 0022401029 (1059/1230)
INFO [2025-05-09 04:25:35] Successfully fetched game 0022401034 (1060/1230)
INFO [2025-05-09 04:25:35] Successfully fetched game 0022401032 (1061/1230)
INFO [2025-05-09 04:25:36] Successfully fetched game 0022401036 (1062/1230)
INFO [2025-05-09 04:25:36] Successfully fetched game 0022401035 (1063/1230)
INFO [2025-05-09 04:25:37] Successfully fetched game 0022401033 (1064/1230)
INFO [2025-05-09 04:25:37] Successfully fetched game 0022401030 (1065/1230)
INFO [2025-05-09 04:25:37] Successfully fetched game 0022401044 (1066/1230)
INFO [2025-05-09 04:25:38] Successfully fetched game 0022401043 (1067/1230)
INFO [2025-05-09 04:25:38] Successfully fetched game 0022401041 (1068/1230)
INFO [2025-05-09 04:25:39] Successfully fetched game 0022401042 (1069/1230)
INFO [2025-05-09 04:25:39] Successfully fetched game 0022401040 (1070/1230)
INFO [2025-05-09 04:25:40] Successfully fetched game 0022401039 (1071/1230)
INFO [2025-05-09 04:25:40] Successfully fetched game 0022401037 (1072/1230)
INFO [2025-05-09 04:25:41] Successfully fetched game 0022401038 (1073/1230)
INFO [2025-05-09 04:25:41] Successfully fetched game 0022401052 (1074/1230)
INFO [2025-05-09 04:25:42] Successfully fetched game 0022401047 (1075/1230)
INFO [2025-05-09 04:25:42] Successfully fetched game 0022401051 (1076/1230)
INFO [2025-05-09 04:25:42] Successfully fetched game 0022401048 (1077/1230)
INFO [2025-05-09 04:25:43] Successfully fetched game 0022401050 (1078/1230)
INFO [2025-05-09 04:25:43] Successfully fetched game 0022401049 (1079/1230)
INFO [2025-05-09 04:25:44] Successfully fetched game 0022401046 (1080/1230)
INFO [2025-05-09 04:25:44] Successfully fetched game 0022401045 (1081/1230)
INFO [2025-05-09 04:25:45] Successfully fetched game 0022401058 (1082/1230)
INFO [2025-05-09 04:25:45] Successfully fetched game 0022401053 (1083/1230)
INFO [2025-05-09 04:25:46] Successfully fetched game 0022401055 (1084/1230)
INFO [2025-05-09 04:25:46] Successfully fetched game 0022401054 (1085/1230)
INFO [2025-05-09 04:25:47] Successfully fetched game 0022401057 (1086/1230)
INFO [2025-05-09 04:25:47] Successfully fetched game 0022401056 (1087/1230)
INFO [2025-05-09 04:25:48] Successfully fetched game 0022401061 (1088/1230)
INFO [2025-05-09 04:25:48] Successfully fetched game 0022401059 (1089/1230)
INFO [2025-05-09 04:25:48] Successfully fetched game 0022401066 (1090/1230)
INFO [2025-05-09 04:25:49] Successfully fetched game 0022401062 (1091/1230)
INFO [2025-05-09 04:25:49] Successfully fetched game 0022401064 (1092/1230)
INFO [2025-05-09 04:25:50] Successfully fetched game 0022401063 (1093/1230)
INFO [2025-05-09 04:25:50] Successfully fetched game 0022401060 (1094/1230)
INFO [2025-05-09 04:25:51] Successfully fetched game 0022401065 (1095/1230)
INFO [2025-05-09 04:25:51] Successfully fetched game 0022401073 (1096/1230)
INFO [2025-05-09 04:25:52] Successfully fetched game 0022401072 (1097/1230)
INFO [2025-05-09 04:25:52] Successfully fetched game 0022401071 (1098/1230)
INFO [2025-05-09 04:25:53] Successfully fetched game 0022401070 (1099/1230)
INFO [2025-05-09 04:25:53] Successfully fetched game 0022401068 (1100/1230)
INFO [2025-05-09 04:25:54] Successfully fetched game 0022401069 (1101/1230)
INFO [2025-05-09 04:25:54] Successfully fetched game 0022401067 (1102/1230)
INFO [2025-05-09 04:25:55] Successfully fetched game 0022401077 (1103/1230)
INFO [2025-05-09 04:25:55] Successfully fetched game 0022401075 (1104/1230)
INFO [2025-05-09 04:25:56] Successfully fetched game 0022401078 (1105/1230)
INFO [2025-05-09 04:25:56] Successfully fetched game 0022401080 (1106/1230)
INFO [2025-05-09 04:25:57] Successfully fetched game 0022401079 (1107/1230)
INFO [2025-05-09 04:25:57] Successfully fetched game 0022401076 (1108/1230)
INFO [2025-05-09 04:25:58] Successfully fetched game 0022401074 (1109/1230)
INFO [2025-05-09 04:26:01] Successfully fetched game 0022401084 (1110/1230)
INFO [2025-05-09 04:26:02] Successfully fetched game 0022401082 (1111/1230)
INFO [2025-05-09 04:26:02] Successfully fetched game 0022401081 (1112/1230)
INFO [2025-05-09 04:26:02] Successfully fetched game 0022401088 (1113/1230)
INFO [2025-05-09 04:26:03] Successfully fetched game 0022401086 (1114/1230)
INFO [2025-05-09 04:26:03] Successfully fetched game 0022401087 (1115/1230)
INFO [2025-05-09 04:26:04] Successfully fetched game 0022401083 (1116/1230)
INFO [2025-05-09 04:26:04] Successfully fetched game 0022401085 (1117/1230)
INFO [2025-05-09 04:26:05] Successfully fetched game 0022401094 (1118/1230)
INFO [2025-05-09 04:26:05] Successfully fetched game 0022401090 (1119/1230)
INFO [2025-05-09 04:26:06] Successfully fetched game 0022401089 (1120/1230)
INFO [2025-05-09 04:26:06] Successfully fetched game 0022401093 (1121/1230)
INFO [2025-05-09 04:26:07] Successfully fetched game 0022401095 (1122/1230)
INFO [2025-05-09 04:26:07] Successfully fetched game 0022401092 (1123/1230)
INFO [2025-05-09 04:26:08] Successfully fetched game 0022401096 (1124/1230)
INFO [2025-05-09 04:26:08] Successfully fetched game 0022401091 (1125/1230)
INFO [2025-05-09 04:26:09] Successfully fetched game 0022401098 (1126/1230)
INFO [2025-05-09 04:26:09] Successfully fetched game 0022401097 (1127/1230)
INFO [2025-05-09 04:26:10] Successfully fetched game 0022401101 (1128/1230)
INFO [2025-05-09 04:26:10] Successfully fetched game 0022401100 (1129/1230)
INFO [2025-05-09 04:26:11] Successfully fetched game 0022400988 (1130/1230)
INFO [2025-05-09 04:26:11] Successfully fetched game 0022401102 (1131/1230)
INFO [2025-05-09 04:26:12] Successfully fetched game 0022401099 (1132/1230)
INFO [2025-05-09 04:26:12] Successfully fetched game 0022401111 (1133/1230)
INFO [2025-05-09 04:26:13] Successfully fetched game 0022401108 (1134/1230)
INFO [2025-05-09 04:26:14] Successfully fetched game 0022401110 (1135/1230)
INFO [2025-05-09 04:26:14] Successfully fetched game 0022401105 (1136/1230)
INFO [2025-05-09 04:26:15] Successfully fetched game 0022401103 (1137/1230)
INFO [2025-05-09 04:26:15] Successfully fetched game 0022401104 (1138/1230)
INFO [2025-05-09 04:26:16] Successfully fetched game 0022401107 (1139/1230)
INFO [2025-05-09 04:26:17] Successfully fetched game 0022401106 (1140/1230)
INFO [2025-05-09 04:26:17] Successfully fetched game 0022401109 (1141/1230)
INFO [2025-05-09 04:26:18] Successfully fetched game 0022401112 (1142/1230)
INFO [2025-05-09 04:26:18] Successfully fetched game 0022401116 (1143/1230)
INFO [2025-05-09 04:26:19] Successfully fetched game 0022401113 (1144/1230)
INFO [2025-05-09 04:26:20] Successfully fetched game 0022401114 (1145/1230)
INFO [2025-05-09 04:26:21] Successfully fetched game 0022401115 (1146/1230)
INFO [2025-05-09 04:26:22] Successfully fetched game 0022401117 (1147/1230)
INFO [2025-05-09 04:26:22] Successfully fetched game 0022401127 (1148/1230)
INFO [2025-05-09 04:26:23] Successfully fetched game 0022401125 (1149/1230)
INFO [2025-05-09 04:26:24] Successfully fetched game 0022401124 (1150/1230)
INFO [2025-05-09 04:26:24] Successfully fetched game 0022401126 (1151/1230)
INFO [2025-05-09 04:26:25] Successfully fetched game 0022401122 (1152/1230)
INFO [2025-05-09 04:26:25] Successfully fetched game 0022401119 (1153/1230)
INFO [2025-05-09 04:26:26] Successfully fetched game 0022401121 (1154/1230)
INFO [2025-05-09 04:26:27] Successfully fetched game 0022401123 (1155/1230)
INFO [2025-05-09 04:26:27] Successfully fetched game 0022401120 (1156/1230)
INFO [2025-05-09 04:26:28] Successfully fetched game 0022401118 (1157/1230)
INFO [2025-05-09 04:26:29] Successfully fetched game 0022401130 (1158/1230)
INFO [2025-05-09 04:26:29] Successfully fetched game 0022401132 (1159/1230)
INFO [2025-05-09 04:26:30] Successfully fetched game 0022401131 (1160/1230)
INFO [2025-05-09 04:26:31] Successfully fetched game 0022401129 (1161/1230)
INFO [2025-05-09 04:26:31] Successfully fetched game 0022401128 (1162/1230)
INFO [2025-05-09 04:26:32] Successfully fetched game 0022401139 (1163/1230)
INFO [2025-05-09 04:26:33] Successfully fetched game 0022401136 (1164/1230)
INFO [2025-05-09 04:26:36] Successfully fetched game 0022401135 (1165/1230)
INFO [2025-05-09 04:26:37] Successfully fetched game 0022401134 (1166/1230)
INFO [2025-05-09 04:26:37] Successfully fetched game 0022401137 (1167/1230)
INFO [2025-05-09 04:26:38] Successfully fetched game 0022401138 (1168/1230)
INFO [2025-05-09 04:26:39] Successfully fetched game 0022401143 (1169/1230)
INFO [2025-05-09 04:26:39] Successfully fetched game 0022401133 (1170/1230)
INFO [2025-05-09 04:26:40] Successfully fetched game 0022401140 (1171/1230)
INFO [2025-05-09 04:26:41] Successfully fetched game 0022401142 (1172/1230)
INFO [2025-05-09 04:26:41] Successfully fetched game 0022400617 (1173/1230)
INFO [2025-05-09 04:26:42] Successfully fetched game 0022401144 (1174/1230)
INFO [2025-05-09 04:26:43] Successfully fetched game 0022401145 (1175/1230)
INFO [2025-05-09 04:26:43] Successfully fetched game 0022401152 (1176/1230)
INFO [2025-05-09 04:26:44] Successfully fetched game 0022401148 (1177/1230)
INFO [2025-05-09 04:26:44] Successfully fetched game 0022401147 (1178/1230)
INFO [2025-05-09 04:26:45] Successfully fetched game 0022401149 (1179/1230)
INFO [2025-05-09 04:26:46] Successfully fetched game 0022401146 (1180/1230)
INFO [2025-05-09 04:26:46] Successfully fetched game 0022401150 (1181/1230)
INFO [2025-05-09 04:26:47] Successfully fetched game 0022401151 (1182/1230)
INFO [2025-05-09 04:26:48] Successfully fetched game 0022401153 (1183/1230)
INFO [2025-05-09 04:26:48] Successfully fetched game 0022401155 (1184/1230)
INFO [2025-05-09 04:26:49] Successfully fetched game 0022401154 (1185/1230)
INFO [2025-05-09 04:26:50] Successfully fetched game 0022401162 (1186/1230)
INFO [2025-05-09 04:26:51] Successfully fetched game 0022401166 (1187/1230)
INFO [2025-05-09 04:26:51] Successfully fetched game 0022401165 (1188/1230)
INFO [2025-05-09 04:26:52] Successfully fetched game 0022401163 (1189/1230)
INFO [2025-05-09 04:26:52] Successfully fetched game 0022401164 (1190/1230)
INFO [2025-05-09 04:26:53] Successfully fetched game 0022401158 (1191/1230)
INFO [2025-05-09 04:26:54] Successfully fetched game 0022401156 (1192/1230)
INFO [2025-05-09 04:26:54] Successfully fetched game 0022401157 (1193/1230)
INFO [2025-05-09 04:26:55] Successfully fetched game 0022401159 (1194/1230)
INFO [2025-05-09 04:26:55] Successfully fetched game 0022401160 (1195/1230)
INFO [2025-05-09 04:26:56] Successfully fetched game 0022401170 (1196/1230)
INFO [2025-05-09 04:26:57] Successfully fetched game 0022401169 (1197/1230)
INFO [2025-05-09 04:26:57] Successfully fetched game 0022401167 (1198/1230)
INFO [2025-05-09 04:26:58] Successfully fetched game 0022401161 (1199/1230)
INFO [2025-05-09 04:26:58] Successfully fetched game 0022401168 (1200/1230)
INFO [2025-05-09 04:26:59] Successfully fetched game 0022401182 (1201/1230)
INFO [2025-05-09 04:27:00] Successfully fetched game 0022401185 (1202/1230)
INFO [2025-05-09 04:27:00] Successfully fetched game 0022401179 (1203/1230)
INFO [2025-05-09 04:27:01] Successfully fetched game 0022401184 (1204/1230)
INFO [2025-05-09 04:27:02] Successfully fetched game 0022401183 (1205/1230)
INFO [2025-05-09 04:27:02] Successfully fetched game 0022401181 (1206/1230)
INFO [2025-05-09 04:27:03] Successfully fetched game 0022401180 (1207/1230)
INFO [2025-05-09 04:27:03] Successfully fetched game 0022401176 (1208/1230)
INFO [2025-05-09 04:27:04] Successfully fetched game 0022401175 (1209/1230)
INFO [2025-05-09 04:27:05] Successfully fetched game 0022401172 (1210/1230)
INFO [2025-05-09 04:27:05] Successfully fetched game 0022401178 (1211/1230)
INFO [2025-05-09 04:27:06] Successfully fetched game 0022401177 (1212/1230)
INFO [2025-05-09 04:27:07] Successfully fetched game 0022401174 (1213/1230)
INFO [2025-05-09 04:27:07] Successfully fetched game 0022401171 (1214/1230)
INFO [2025-05-09 04:27:08] Successfully fetched game 0022401173 (1215/1230)
INFO [2025-05-09 04:27:11] Successfully fetched game 0022401193 (1216/1230)
INFO [2025-05-09 04:27:12] Successfully fetched game 0022401190 (1217/1230)
INFO [2025-05-09 04:27:13] Successfully fetched game 0022401194 (1218/1230)
INFO [2025-05-09 04:27:13] Successfully fetched game 0022401200 (1219/1230)
INFO [2025-05-09 04:27:14] Successfully fetched game 0022401199 (1220/1230)
INFO [2025-05-09 04:27:14] Successfully fetched game 0022401197 (1221/1230)
INFO [2025-05-09 04:27:15] Successfully fetched game 0022401189 (1222/1230)
INFO [2025-05-09 04:27:15] Successfully fetched game 0022401196 (1223/1230)
INFO [2025-05-09 04:27:16] Successfully fetched game 0022401195 (1224/1230)
INFO [2025-05-09 04:27:17] Successfully fetched game 0022401198 (1225/1230)
INFO [2025-05-09 04:27:17] Successfully fetched game 0022401187 (1226/1230)
INFO [2025-05-09 04:27:18] Successfully fetched game 0022401192 (1227/1230)
INFO [2025-05-09 04:27:19] Successfully fetched game 0022401188 (1228/1230)
INFO [2025-05-09 04:27:19] Successfully fetched game 0022401191 (1229/1230)
INFO [2025-05-09 04:27:20] Successfully fetched game 0022401186 (1230/1230)
INFO [2025-05-09 04:27:29] Wrote 574359 rows to NBA_2024_2025.csv
INFO [2025-05-09 04:27:29] Script execution completed
